06-01 11:12:27.989 899-1204/? E/WifiStateMachine:  L2ConnectedState (when=-6ms what=131143 arg1=-2 arg2=20) CMD_START_SCAN -2 20 ic=0 proc(ms):20006 dur:2540 cnt=21 rssi=-58 f=2412 sc=60 link=135 tx=0.0, 0.0, 0.0  rx=0.0 fiv=101250 [on:0 tx:0 rx:0 period:1] from screen [on:0 period:-1185609387]
    WifiStateMachine CMD_START_SCAN source -2 txSuccessRate=0.00 rxSuccessRate=0.00 targetRoamBSSID=any RSSI=-58
    WifiStateMachine L2Connected CMD_START_SCAN source -2 20, 21 -> obsolete
06-01 11:13:55.420 899-899/? E/WifiTrafficPoller: ENABLE_TRAFFIC_STATS_POLL true Token 25
06-01 11:13:55.421 899-899/? E/WifiTrafficPoller:  packet count Tx=400 Rx=352
06-01 11:13:55.421 899-1204/? E/WifiStateMachine:  ConnectedState (when=0 what=131167 arg1=1CMD_SCREEN_STATE_CHANGED{ when=0 what=131167 arg1=1 target=com.android.internal.util.StateMachine$SmHandler } 1 0
06-01 11:13:55.421 899-1204/? E/WifiStateMachine:  L2ConnectedState (when=0 what=131167 arg1=1CMD_SCREEN_STATE_CHANGED{ when=0 what=131167 arg1=1 target=com.android.internal.util.StateMachine$SmHandler } 1 0
06-01 11:13:55.422 899-1204/? E/WifiStateMachine:  ConnectModeState (when=0 what=131167 arg1=1CMD_SCREEN_STATE_CHANGED{ when=0 what=131167 arg1=1 target=com.android.internal.util.StateMachine$SmHandler } 1 0
06-01 11:13:55.422 899-1204/? E/WifiStateMachine:  DriverStartedState (when=-1ms what=131167 arg1=1CMD_SCREEN_STATE_CHANGED{ when=-1ms what=131167 arg1=1 target=com.android.internal.util.StateMachine$SmHandler } 1 0
06-01 11:13:55.422 899-1204/? E/WifiStateMachine:  SupplicantStartedState (when=-1ms what=131167 arg1=1CMD_SCREEN_STATE_CHANGED{ when=-1ms what=131167 arg1=1 target=com.android.internal.util.StateMachine$SmHandler } 1 0
06-01 11:13:55.422 899-1204/? E/WifiStateMachine:  DefaultState (when=-1ms what=131167 arg1=1CMD_SCREEN_STATE_CHANGED{ when=-1ms what=131167 arg1=1 target=com.android.internal.util.StateMachine$SmHandler } 1 0
06-01 11:13:55.423 899-1204/? E/WifiStateMachine: cancelDelayedScan -> 22
    startDelayedScan send -> 23 milli 500
06-01 11:13:55.423 899-1204/? E/WifiStateMachine: handleScreenStateChanged Exit: true
06-01 11:13:55.423 899-1204/? E/WifiStateMachine:  ConnectedState (when=-1ms what=131154 arg1=1!CMD_ENABLE_RSSI_POLL{ when=-1ms what=131154 arg1=1 target=com.android.internal.util.StateMachine$SmHandler } 1 0
06-01 11:13:55.423 899-1204/? E/WifiStateMachine:  L2ConnectedState (when=-1ms what=131154 arg1=1!CMD_ENABLE_RSSI_POLL{ when=-1ms what=131154 arg1=1 target=com.android.internal.util.StateMachine$SmHandler } 1 0
06-01 11:13:55.441 899-1204/? E/WifiConfigStore: updateConfiguration freq=2412 BSSID=24:10:00:01:0f:ff RSSI=-58 "Sybercare18F"WPA_PSK
06-01 11:13:55.441 899-1204/? E/WifiStateMachine:  ConnectedState (when=-19ms what=131127!CMD_ENABLE_ALL_NETWORKS{ when=-19ms what=131127 target=com.android.internal.util.StateMachine$SmHandler } 0 0
     L2ConnectedState (when=-19ms what=131127!CMD_ENABLE_ALL_NETWORKS{ when=-19ms what=131127 target=com.android.internal.util.StateMachine$SmHandler } 0 0
     ConnectModeState (when=-19ms what=131127!CMD_ENABLE_ALL_NETWORKS{ when=-19ms what=131127 target=com.android.internal.util.StateMachine$SmHandler } 0 0
06-01 11:13:55.442 899-1204/? E/WifiStateMachine:  ConnectedState (when=-20ms what=131158!CMD_SET_SUSPEND_OPT_ENABLED{ when=-20ms what=131158 target=com.android.internal.util.StateMachine$SmHandler } 0 0
     L2ConnectedState (when=-20ms what=131158!CMD_SET_SUSPEND_OPT_ENABLED{ when=-20ms what=131158 target=com.android.internal.util.StateMachine$SmHandler } 0 0
     ConnectModeState (when=-20ms what=131158!CMD_SET_SUSPEND_OPT_ENABLED{ when=-20ms what=131158 target=com.android.internal.util.StateMachine$SmHandler } 0 0
06-01 11:13:55.443 899-1204/? E/WifiStateMachine:  DriverStartedState (when=-20ms what=131158!CMD_SET_SUSPEND_OPT_ENABLED{ when=-20ms what=131158 target=com.android.internal.util.StateMachine$SmHandler } 0 0
    setSuspendOptimizationsNative: 4 false -want true stack:setSuspendOptimizationsNative - access$16400 - processMessage - processMsg
06-01 11:13:55.443 899-1204/? E/native: do suspend false
06-01 11:13:55.462 899-1204/? E/WifiStateMachine:  ConnectedState (when=-40ms what=131249!M_CMD_NOTIFY_SCREEN_ON{ when=-40ms what=131249 target=com.android.internal.util.StateMachine$SmHandler } 0 0
     L2ConnectedState (when=-40ms what=131249!M_CMD_NOTIFY_SCREEN_ON{ when=-40ms what=131249 target=com.android.internal.util.StateMachine$SmHandler } 0 0
     ConnectModeState (when=-40ms what=131249!M_CMD_NOTIFY_SCREEN_ON{ when=-40ms what=131249 target=com.android.internal.util.StateMachine$SmHandler } 0 0
     DriverStartedState (when=-40ms what=131249!M_CMD_NOTIFY_SCREEN_ON{ when=-40ms what=131249 target=com.android.internal.util.StateMachine$SmHandler } 0 0
06-01 11:13:55.463 899-1204/? E/WifiStateMachine:  SupplicantStartedState (when=-41ms what=131249!M_CMD_NOTIFY_SCREEN_ON{ when=-41ms what=131249 target=com.android.internal.util.StateMachine$SmHandler } 0 0
     DefaultState (when=-41ms what=131249!M_CMD_NOTIFY_SCREEN_ON{ when=-41ms what=131249 target=com.android.internal.util.StateMachine$SmHandler } 0 0
     ConnectedState (when=-40ms what=131129!CMD_CLEAR_BLACKLIST{ when=-40ms what=131129 target=com.android.internal.util.StateMachine$SmHandler } 0 0
06-01 11:13:55.464 899-1204/? E/WifiStateMachine:  L2ConnectedState (when=-40ms what=131129!CMD_CLEAR_BLACKLIST{ when=-40ms what=131129 target=com.android.internal.util.StateMachine$SmHandler } 0 0
     ConnectModeState (when=-41ms what=131129!CMD_CLEAR_BLACKLIST{ when=-41ms what=131129 target=com.android.internal.util.StateMachine$SmHandler } 0 0
06-01 11:13:55.878 1920-1920/? E/NfcService: applyRouting -20
06-01 11:13:55.882 1920-2119/? E/BrcmNfcJni: getReconnectState = 0x0
06-01 11:13:55.882 1920-1920/? E/BrcmNfcJni: nfcManager_enableDiscovery:UICC_LISTEN_MASK=0x07;
06-01 11:13:55.883 1920-2119/? E/BrcmNfcNfa: UICC/ESE[0x402] is not activated
06-01 11:13:55.925 899-1204/? E/WifiStateMachine:  ConnectedState (when=-1ms what=131143 arg1=-2 arg2=23) !CMD_START_SCAN -2 23 ic=0 proc(ms):501 dur:2540 cnt=23 rssi=-58 f=2412 sc=60 link=135 tx=0.0, 0.0, 0.0  rx=0.0 fiv=20000 [on:0 tx:0 rx:0 period:87935] from screen [on:0 period:-1185521452]
06-01 11:13:55.925 899-1204/? E/WifiStateMachine:  L2ConnectedState (when=-2ms what=131143 arg1=-2 arg2=23) !CMD_START_SCAN -2 23 ic=0 proc(ms):502 dur:2540 cnt=23 rssi=-58 f=2412 sc=60 link=135 tx=0.0, 0.0, 0.0  rx=0.0 fiv=20000 [on:0 tx:0 rx:0 period:1] from screen [on:0 period:-1185521451]
06-01 11:13:55.925 899-1204/? E/WifiStateMachine: WifiStateMachine CMD_START_SCAN source -2 txSuccessRate=0.00 rxSuccessRate=0.00 targetRoamBSSID=any RSSI=-58
06-01 11:13:55.925 899-1204/? E/WifiStateMachine: startDelayedScan send -> 24 milli 20000
06-01 11:13:55.925 899-1204/? E/WifiStateMachine: WifiStateMachine CMD_START_SCAN with age=107942 interval=20000 maxinterval=300000
06-01 11:13:55.925 899-1204/? E/WifiStateMachine: WifiStateMachine CMD_START_SCAN try full band scan age=107942 interval=20000 maxinterval=300000
06-01 11:13:55.925 899-1204/? E/WifiStateMachine: WifiStateMachine CMD_START_SCAN full=true
06-01 11:13:55.925 899-1204/? E/WifiStateMachine: WifiStateMachine CMD_START_SCAN bump interval =30000
06-01 11:13:55.925 899-1204/? E/WifiStateMachine: stopReconnectWifi Wfd=false StopScan=false mDontReconnectAndScan=false
06-01 11:13:55.927 899-1204/? E/WifiStateMachine: [1,527,822,835,926 ms] noteScanstart no scan source uid -2
06-01 11:13:55.928 899-3810/? E/WifiMonitor: handleEvent unknown: 15  CTRL-EVENT-SCAN-STARTED 
06-01 11:13:56.081 321-321/? E/DrmMtkUtil/DrmUtil: checkDcf: not dcf type, dcf version value [79]
06-01 11:13:56.081 321-321/? E/Cta5File: Cta5File::isCta5NormalFile false, bad magic:OggS
    Cta5File::isCta5MultimediaFile false, bad magic:cX?
06-01 11:13:56.084 320-569/? E/DrmCtaPlugIn: [ERROR]onOpenDecryptSession - The key is not set by user
06-01 11:13:56.084 320-569/? E/DrmMtkUtil/DrmUtil: parseDcf: not dcf type, dcf version value [79]
06-01 11:13:56.084 320-569/? E/DrmMtkPlugIn: onOpenDecryptSession() : failed to parse dcf file.
06-01 11:13:56.090 321-5663/? E/APEExtractor: getAPEInfo not ape 5004
06-01 11:13:56.090 321-5663/? E/AsfParser: unknown object: 5367674f-200-0-0000000000008d37, 537 bytes
06-01 11:13:56.090 321-5663/? E/AsfParser: error parsing header: -6
06-01 11:13:56.094 321-321/? E/DrmMtkUtil/DrmUtil: checkDcf: not dcf type, dcf version value [79]
06-01 11:13:56.094 321-321/? E/Cta5File: Cta5File::isCta5NormalFile false, bad magic:OggS
    Cta5File::isCta5MultimediaFile false, bad magic:???l
06-01 11:13:56.096 320-569/? E/DrmCtaPlugIn: [ERROR]onOpenDecryptSession - The key is not set by user
06-01 11:13:56.096 320-569/? E/DrmMtkUtil/DrmUtil: parseDcf: not dcf type, dcf version value [79]
06-01 11:13:56.096 320-569/? E/DrmMtkPlugIn: onOpenDecryptSession() : failed to parse dcf file.
06-01 11:13:56.102 321-5666/? E/APEExtractor: getAPEInfo not ape 5002
06-01 11:13:56.102 321-5666/? E/AsfParser: unknown object: 5367674f-200-0-00000000000003ba, 25022 bytes
06-01 11:13:56.102 321-5666/? E/AsfParser: error parsing header: -6
06-01 11:13:56.110 321-5668/? E/MtkCam/HalSensor: [setTgPhase] Main2 camera mclk source (0) incorrrect. Please check cfg_setting_imgsensor.cpp
     (setTgPhase){#1446:vendor/mediatek/proprietary/platform/mt6735/hardware/mtkcam/D1/hal/sensor/HalSensor.control.cpp}
06-01 11:13:56.420 899-899/? E/WifiTrafficPoller: TRAFFIC_STATS_POLL true Token 26 num clients 7
06-01 11:13:56.421 899-899/? E/WifiTrafficPoller:  packet count Tx=400 Rx=352
06-01 11:13:56.563 1498-1498/? E/NetworkController: Cannot find controller for voice sub: -1
06-01 11:13:56.578 1498-1498/? E/NetworkController: Cannot find controller for voice sub: -1
06-01 11:13:56.593 1498-1498/? E/NetworkController: Cannot find controller for voice sub: -1
06-01 11:13:56.609 1498-1498/? E/NetworkController: Cannot find controller for voice sub: -1
06-01 11:13:56.624 1498-1498/? E/NetworkController: Cannot find controller for voice sub: -1
06-01 11:13:56.639 1498-1498/? E/NetworkController: Cannot find controller for voice sub: -1
06-01 11:13:56.655 1498-1498/? E/NetworkController: Cannot find controller for voice sub: -1
06-01 11:13:56.670 1498-1498/? E/NetworkController: Cannot find controller for voice sub: -1
06-01 11:13:56.679 1498-1498/? E/NetworkController: Cannot find controller for voice sub: -1
06-01 11:13:56.680 1498-1498/? E/NetworkController: Cannot find controller for voice sub: -1
06-01 11:13:56.681 1498-1498/? E/NetworkController: Cannot find controller for voice sub: -1
06-01 11:13:56.685 1498-1498/? E/NetworkController: Cannot find controller for voice sub: -1
06-01 11:13:56.700 1498-1498/? E/NetworkController: Cannot find controller for voice sub: -1
06-01 11:13:56.716 1498-1498/? E/NetworkController: Cannot find controller for voice sub: -1
06-01 11:13:56.731 1498-1498/? E/NetworkController: Cannot find controller for voice sub: -1
06-01 11:13:56.732 1498-1498/? E/NetworkController: Cannot find controller for voice sub: -1
06-01 11:13:56.758 1498-1498/? E/NetworkController: Cannot find controller for voice sub: -1
06-01 11:13:56.759 1498-1498/? E/NetworkController: Cannot find controller for voice sub: -1
06-01 11:13:56.764 1498-1498/? E/NetworkController: Cannot find controller for voice sub: -1
06-01 11:13:56.775 321-896/? E/AudioALSAPlaybackHandlerBase: openPcmDriver(), pcm_start(0xf30786a0) fail due to cannot start channel: Broken pipe
06-01 11:13:56.791 1920-2119/? E/BrcmNfcJni: getReconnectState = 0x0
06-01 11:13:56.794 1920-1920/? E/NfcService: applyRouting -20
06-01 11:13:56.795 1920-1920/? E/BrcmNfcJni: nfcManager_enableDiscovery:UICC_LISTEN_MASK=0x07;
06-01 11:13:56.795 1920-2119/? E/BrcmNfcJni: nfaConnectionCallback: unknown event ????
06-01 11:13:56.795 1920-2119/? E/BrcmNfcNfa: UICC/ESE[0x402] is not activated
06-01 11:13:56.796 1920-2119/? E/BrcmNfcNfa: UICC/ESE[0x402] is not activated
06-01 11:13:56.811 3682-3682/com.sybercare.healthcare E/com.sybercare.healthcare: [ (KLogLogStrategy.java:42)#E ] saveMeasureTypeInfoToShare
06-01 11:13:56.811 3682-3682/com.sybercare.healthcare E/RocheMeasureGlucoseActivity: saveMeasureTypeInfoToShare
06-01 11:13:56.818 321-896/? E/AudioALSAPlaybackHandlerBase: -getHardwareBufferInfo pcm_get_htimestamp fail, ret = -1, pcm_get_error = cannot start channel: Broken pipe
06-01 11:13:56.912 321-896/? E/AudioFlinger: getNextBuffer, get null buffer
06-01 11:13:57.321 3682-5682/com.sybercare.healthcare E/GATT: 定时器
06-01 11:13:57.321 3682-3682/com.sybercare.healthcare E/GATT: 连接 mConnect=1
06-01 11:13:57.421 899-899/? E/WifiTrafficPoller: TRAFFIC_STATS_POLL true Token 26 num clients 7
     packet count Tx=400 Rx=352
06-01 11:13:57.782 1498-1498/? E/NetworkController: Cannot find controller for voice sub: -1
06-01 11:13:57.783 1498-1498/? E/NetworkController: Cannot find controller for voice sub: -1
06-01 11:13:58.214 3682-3682/com.sybercare.healthcare E/com.sybercare.healthcare: [ (KLogLogStrategy.java:42)#E ] onstart
06-01 11:13:58.214 3682-3682/com.sybercare.healthcare E/life: onstart
06-01 11:13:58.226 3682-3682/com.sybercare.healthcare E/com.sybercare.healthcare: [ (KLogLogStrategy.java:42)#E ] onResume
06-01 11:13:58.226 3682-3682/com.sybercare.healthcare E/life: onResume
06-01 11:13:58.231 3682-3682/com.sybercare.healthcare E/com.sybercare.healthcare: [ (KLogLogStrategy.java:42)#E ] saveMeasureTypeInfoToShare
06-01 11:13:58.231 3682-3682/com.sybercare.healthcare E/RocheIndexGlucoseOrderListFragment: saveMeasureTypeInfoToShare
06-01 11:13:58.236 3682-3682/com.sybercare.healthcare E/com.sybercare.healthcare: [ (KLogLogStrategy.java:42)#E ] saveMeasureTypeInfoToShare
06-01 11:13:58.236 3682-3682/com.sybercare.healthcare E/IndexPressureOrderListFragment: saveMeasureTypeInfoToShare
06-01 11:13:58.240 3682-3682/com.sybercare.healthcare E/com.sybercare.healthcare: [ (KLogLogStrategy.java:42)#E ] saveMeasureTypeInfoToShare
06-01 11:13:58.240 3682-3682/com.sybercare.healthcare E/IndexTemperatureOrderListFragment: saveMeasureTypeInfoToShare
06-01 11:13:58.422 899-899/? E/WifiTrafficPoller: TRAFFIC_STATS_POLL true Token 26 num clients 7
     packet count Tx=407 Rx=357
    notifying of data activity 3
06-01 11:13:58.426 1498-1498/? E/NetworkController: No data sim selected
06-01 11:13:58.443 899-1204/? E/WifiStateMachine:  ConnectedState (when=-2ms what=131155 arg1=3!CMD_RSSI_POLL 3 0 "Sybercare18F" 24:10:00:01:0f:ff rssi=-58 f=2412 sc=60 link=135 tx=0.0, 0.0, 0.0  rx=0.0 bcn=0 [on:0 tx:0 rx:0 period:2515] from screen [on:0 period:-1185518933] gl hn u24 rssi=-53 ag=0 hr ticks 0,0,0 ls-=0 [56,56,56,56,61] brc=0 lrc=0
06-01 11:13:58.444 899-1204/? E/WifiStateMachine:  L2ConnectedState (when=-3ms what=131155 arg1=3!CMD_RSSI_POLL 3 0 "Sybercare18F" 24:10:00:01:0f:ff rssi=-58 f=2412 sc=60 link=135 tx=0.0, 0.0, 0.0  rx=0.0 bcn=0 [on:0 tx:0 rx:0 period:1] from screen [on:0 period:-1185518932] gl hn u24 rssi=-53 ag=0 hr ticks 0,0,0 ls-=0 [56,56,56,56,61] brc=0 lrc=0
     get link layer stats 0
06-01 11:13:58.448 899-1204/? E/WifiConfigStore: updateConfiguration freq=2412 BSSID=24:10:00:01:0f:ff RSSI=-59 "Sybercare18F"WPA_PSK
06-01 11:13:58.453 1498-1498/? E/NetworkController: No data sim selected
06-01 11:13:58.464 899-1204/? E/WifiStateMachine:  ConnectedState (when=0 what=147461!SCAN_RESULTS_EVENT 0 0 found=37 known=1 got=37 bcn=0 con=0 last="Sybercare18F"WPA_PSK
06-01 11:13:58.465 899-1204/? E/WifiStateMachine:  L2ConnectedState (when=0 what=147461!SCAN_RESULTS_EVENT 0 0 found=37 known=1 got=37 bcn=0 con=0 last="Sybercare18F"WPA_PSK
     ConnectModeState (when=-1ms what=147461!SCAN_RESULTS_EVENT 0 0 found=37 known=1 got=37 bcn=0 con=0 last="Sybercare18F"WPA_PSK
     DriverStartedState (when=-1ms what=147461!SCAN_RESULTS_EVENT 0 0 found=37 known=1 got=37 bcn=0 con=0 last="Sybercare18F"WPA_PSK
     SupplicantStartedState (when=-1ms what=147461!SCAN_RESULTS_EVENT 0 0 found=37 known=1 got=37 bcn=0 con=0 last="Sybercare18F"WPA_PSK
06-01 11:13:58.466 899-1204/? E/WifiStateMachine: [1,527,822,838,466 ms] noteScanEnd no scan source onTime=0
06-01 11:13:58.474 899-1204/? E/WifiStateMachine: wifi setScanResults statecom.android.server.wifi.WifiStateMachine$ConnectedState@18eb3ffe sup_state=COMPLETED debouncing=false mConnectionRequests=0 selection="Sybercare18F"WPA_PSK
06-01 11:13:58.474 899-1204/? E/WifiConfigStore: updateSavedNetworkHistory(): try "Sybercare18F"WPA_PSK SSID="Sybercare18F" Sybercare18F [WPA2-PSK-CCMP][ESS] ajst=0
            got known scan result 24:10:00:01:0f:ff key : "Sybercare18F"WPA_PSK num: 1 rssi=-60 freq=2412
06-01 11:13:58.485 899-1204/? E/WifiAutoJoinController: status: bssid=24:10:00:01:0f:ff
    freq=2412
    ssid=Sybercare18F
    id=0
    mode=station
    pairwise_cipher=CCMP
    group_cipher=CCMP
    key_mgmt=WPA2-PSK
    wpa_state=COMPLETED
    ip_address=192.168.100.170
    p2p_device_address=02:08:22:6d:70:49
    address=00:08:22:6d:70:49
    uuid=8dc04993-5424-52c9-9c91-c99fbbe42c87
    attemptAutoJoin() num recent config 1 current="Sybercare18F"WPA_PSK last="Sybercare18F"WPA_PSK ---> suppNetId=0
06-01 11:13:58.487 899-1204/? E/WifiAutoJoinController: Done attemptAutoJoin status=0
06-01 11:13:58.488 899-1204/? E/WifiConfigStore:  writeKnownNetworkHistory() num networks:1 needWrite=false
06-01 11:13:59.100 1498-1498/? E/NetworkController: Cannot find controller for voice sub: -1
06-01 11:13:59.101 1498-1498/? E/NetworkController: Cannot find controller for voice sub: -1
06-01 11:13:59.117 3682-3682/com.sybercare.healthcare E/com.sybercare.healthcare: [ (KLogLogStrategy.java:42)#E ] onPause
06-01 11:13:59.117 3682-3682/com.sybercare.healthcare E/life: onPause
06-01 11:13:59.422 899-899/? E/WifiTrafficPoller: TRAFFIC_STATS_POLL true Token 26 num clients 7
06-01 11:13:59.423 899-899/? E/WifiTrafficPoller:  packet count Tx=409 Rx=360
06-01 11:13:59.613 1498-1498/? E/NetworkController: Cannot find controller for voice sub: -1
06-01 11:13:59.616 1498-1498/? E/NetworkController: Cannot find controller for voice sub: -1
06-01 11:13:59.896 1498-1498/? E/NetworkController: Cannot find controller for voice sub: -1
06-01 11:13:59.899 1498-1498/? E/NetworkController: Cannot find controller for voice sub: -1
06-01 11:14:00.424 899-899/? E/WifiTrafficPoller: TRAFFIC_STATS_POLL true Token 26 num clients 7
06-01 11:14:00.425 899-899/? E/WifiTrafficPoller:  packet count Tx=409 Rx=360
06-01 11:14:00.425 899-899/? E/WifiTrafficPoller: notifying of data activity 0
06-01 11:14:00.430 1498-1498/? E/NetworkController: No data sim selected
06-01 11:14:01.028 321-896/? E/AudioALSAPlaybackHandlerBase: openPcmDriver(), pcm_start(0xf30786a0) fail due to cannot start channel: Broken pipe
06-01 11:14:01.067 321-896/? E/AudioALSAPlaybackHandlerBase: -getHardwareBufferInfo pcm_get_htimestamp fail, ret = -1, pcm_get_error = cannot start channel: Broken pipe
06-01 11:14:01.072 321-896/? E/AudioFlinger: getNextBuffer, get null buffer
06-01 11:14:01.426 899-899/? E/WifiTrafficPoller: TRAFFIC_STATS_POLL true Token 26 num clients 7
     packet count Tx=410 Rx=360
    notifying of data activity 2
06-01 11:14:01.429 1498-1498/? E/NetworkController: No data sim selected
06-01 11:14:01.454 899-1204/? E/WifiStateMachine:  ConnectedState (when=-3ms what=131155 arg1=3!CMD_RSSI_POLL 3 0 "Sybercare18F" 24:10:00:01:0f:ff rssi=-61 f=2412 sc=60 link=135 tx=1.8, 0.0, 0.0  rx=1.2 bcn=0 [on:0 tx:0 rx:0 period:2994] from screen [on:0 period:-1185515922] gl hn u24 rssi=-56 ag=0 hr ticks 0,0,0 ls-=0 [56,56,56,56,61] brc=0 lrc=0
06-01 11:14:01.455 899-1204/? E/WifiStateMachine:  L2ConnectedState (when=-4ms what=131155 arg1=3!CMD_RSSI_POLL 3 0 "Sybercare18F" 24:10:00:01:0f:ff rssi=-61 f=2412 sc=60 link=135 tx=1.8, 0.0, 0.0  rx=1.2 bcn=0 [on:0 tx:0 rx:0 period:1] from screen [on:0 period:-1185515921] gl hn u24 rssi=-56 ag=0 hr ticks 0,0,0 ls-=0 [56,56,56,56,61] brc=0 lrc=0
06-01 11:14:01.456 899-1204/? E/WifiStateMachine:  get link layer stats 0
06-01 11:14:01.479 899-1204/? E/WifiConfigStore: updateConfiguration freq=2412 BSSID=24:10:00:01:0f:ff RSSI=-60 "Sybercare18F"WPA_PSK
06-01 11:14:01.481 1498-1498/? E/NetworkController: No data sim selected
06-01 11:14:01.785 3682-3682/com.sybercare.healthcare E/com.sybercare.healthcare: [ (KLogLogStrategy.java:42)#E ] onStop
06-01 11:14:01.785 3682-3682/com.sybercare.healthcare E/life: onStop
06-01 11:14:01.836 321-896/? E/AudioFlinger: getNextBuffer, get null buffer
06-01 11:14:02.427 899-899/? E/WifiTrafficPoller: TRAFFIC_STATS_POLL true Token 26 num clients 7
     packet count Tx=410 Rx=360
    notifying of data activity 0
06-01 11:14:02.431 1498-1498/? E/NetworkController: No data sim selected
06-01 11:14:02.944 2011-2011/? E/MPlugin: Unsupported class: com.mediatek.settings.ext.ISettingsMiscExt
06-01 11:14:02.989 2011-2011/? E/MPlugin: Unsupported class: com.mediatek.settings.ext.ISettingsMiscExt
06-01 11:14:03.020 321-896/? E/AudioFlinger: getNextBuffer, get null buffer
06-01 11:14:03.022 2011-2011/? E/MPlugin: Unsupported class: com.mediatek.common.telephony.IOnlyOwnerSimSupport
06-01 11:14:03.427 899-899/? E/WifiTrafficPoller: TRAFFIC_STATS_POLL true Token 26 num clients 7
06-01 11:14:03.428 899-899/? E/WifiTrafficPoller:  packet count Tx=410 Rx=360
06-01 11:14:04.429 899-899/? E/WifiTrafficPoller: TRAFFIC_STATS_POLL true Token 26 num clients 7
     packet count Tx=410 Rx=360
06-01 11:14:04.483 899-1204/? E/WifiStateMachine:  ConnectedState (when=-3ms what=131155 arg1=3!CMD_RSSI_POLL 3 0 "Sybercare18F" 24:10:00:01:0f:ff rssi=-60 f=2412 sc=60 link=135 tx=2.4, 0.0, 0.0  rx=2.1 bcn=0 [on:0 tx:0 rx:0 period:3002] from screen [on:0 period:-1185512893] gl hn u24 rssi=-55 ag=0 hr ticks 0,0,0 ls-=0 [56,56,56,56,61] brc=0 lrc=0
06-01 11:14:04.484 899-1204/? E/WifiStateMachine:  L2ConnectedState (when=-4ms what=131155 arg1=3!CMD_RSSI_POLL 3 0 "Sybercare18F" 24:10:00:01:0f:ff rssi=-60 f=2412 sc=60 link=135 tx=2.4, 0.0, 0.0  rx=2.1 bcn=0 [on:0 tx:0 rx:0 period:1] from screen [on:0 period:-1185512892] gl hn u24 rssi=-55 ag=0 hr ticks 0,0,0 ls-=0 [56,56,56,56,61] brc=0 lrc=0
     get link layer stats 0
06-01 11:14:04.498 899-1204/? E/WifiConfigStore: updateConfiguration freq=2412 BSSID=24:10:00:01:0f:ff RSSI=-59 "Sybercare18F"WPA_PSK
06-01 11:14:05.043 2011-2011/? E/MPlugin: Unsupported class: com.mediatek.settings.ext.ISettingsMiscExt
06-01 11:14:05.077 2011-2011/? E/MPlugin: Unsupported class: com.mediatek.settings.ext.IDeviceInfoSettingsExt
06-01 11:14:05.133 321-896/? E/AudioFlinger: getNextBuffer, get null buffer
06-01 11:14:05.430 899-899/? E/WifiTrafficPoller: TRAFFIC_STATS_POLL true Token 26 num clients 7
06-01 11:14:05.430 899-899/? E/WifiTrafficPoller:  packet count Tx=410 Rx=360
06-01 11:14:06.430 899-899/? E/WifiTrafficPoller: TRAFFIC_STATS_POLL true Token 26 num clients 7
06-01 11:14:06.431 899-899/? E/WifiTrafficPoller:  packet count Tx=419 Rx=369
    notifying of data activity 3
06-01 11:14:06.436 1498-1498/? E/NetworkController: No data sim selected
06-01 11:14:07.432 899-899/? E/WifiTrafficPoller: TRAFFIC_STATS_POLL true Token 26 num clients 7
     packet count Tx=419 Rx=369
    notifying of data activity 0
06-01 11:14:07.435 1498-1498/? E/NetworkController: No data sim selected
06-01 11:14:07.502 899-1204/? E/WifiStateMachine:  ConnectedState (when=-3ms what=131155 arg1=3!CMD_RSSI_POLL 3 0 "Sybercare18F" 24:10:00:01:0f:ff rssi=-60 f=2412 sc=60 link=135 tx=1.2, 0.0, 0.0  rx=1.1 bcn=0 [on:0 tx:0 rx:0 period:3002] from screen [on:0 period:-1185509874] gl hn u24 rssi=-55 ag=0 hr ticks 0,0,0 ls-=0 [56,56,56,56,61] brc=0 lrc=0
06-01 11:14:07.503 899-1204/? E/WifiStateMachine:  L2ConnectedState (when=-4ms what=131155 arg1=3!CMD_RSSI_POLL 3 0 "Sybercare18F" 24:10:00:01:0f:ff rssi=-60 f=2412 sc=60 link=135 tx=1.2, 0.0, 0.0  rx=1.1 bcn=0 [on:0 tx:0 rx:0 period:1] from screen [on:0 period:-1185509873] gl hn u24 rssi=-55 ag=0 hr ticks 0,0,0 ls-=0 [56,56,56,56,61] brc=0 lrc=0
     get link layer stats 0
06-01 11:14:07.518 899-1204/? E/WifiConfigStore: updateConfiguration freq=2412 BSSID=24:10:00:01:0f:ff RSSI=-59 "Sybercare18F"WPA_PSK
06-01 11:14:08.435 899-899/? E/WifiTrafficPoller: TRAFFIC_STATS_POLL true Token 26 num clients 7
     packet count Tx=419 Rx=369
06-01 11:14:09.436 899-899/? E/WifiTrafficPoller: TRAFFIC_STATS_POLL true Token 26 num clients 7
     packet count Tx=419 Rx=369
06-01 11:14:10.437 899-899/? E/WifiTrafficPoller: TRAFFIC_STATS_POLL true Token 26 num clients 7
06-01 11:14:10.438 899-899/? E/WifiTrafficPoller:  packet count Tx=419 Rx=369
06-01 11:14:10.522 899-1204/? E/WifiStateMachine:  ConnectedState (when=-3ms what=131155 arg1=3!CMD_RSSI_POLL 3 0 "Sybercare18F" 24:10:00:01:0f:ff rssi=-60 f=2412 sc=60 link=135 tx=5.1, 0.0, 0.0  rx=5.0 bcn=0 [on:0 tx:0 rx:0 period:3002] from screen [on:0 period:-1185506854] gl hn u24 rssi=-55 ag=0 hr ticks 0,0,0 ls-=0 [56,56,60,60,65] brc=0 lrc=0
06-01 11:14:10.523 899-1204/? E/WifiStateMachine:  L2ConnectedState (when=-4ms what=131155 arg1=3!CMD_RSSI_POLL 3 0 "Sybercare18F" 24:10:00:01:0f:ff rssi=-60 f=2412 sc=60 link=135 tx=5.1, 0.0, 0.0  rx=5.0 bcn=0 [on:0 tx:0 rx:0 period:1] from screen [on:0 period:-1185506853] gl hn u24 rssi=-55 ag=0 hr ticks 0,0,0 ls-=0 [56,56,60,60,65] brc=0 lrc=0
     get link layer stats 0
06-01 11:14:10.539 899-1204/? E/WifiConfigStore: updateConfiguration freq=2412 BSSID=24:10:00:01:0f:ff RSSI=-59 "Sybercare18F"WPA_PSK
06-01 11:14:11.439 899-899/? E/WifiTrafficPoller: TRAFFIC_STATS_POLL true Token 26 num clients 7
     packet count Tx=419 Rx=369
06-01 11:14:11.888 321-896/? E/AudioALSAPlaybackHandlerBase: openPcmDriver(), pcm_start(0xf30786a0) fail due to cannot start channel: Broken pipe
06-01 11:14:11.927 321-896/? E/AudioALSAPlaybackHandlerBase: -getHardwareBufferInfo pcm_get_htimestamp fail, ret = -1, pcm_get_error = cannot start channel: Broken pipe
06-01 11:14:11.932 321-896/? E/AudioFlinger: getNextBuffer, get null buffer
06-01 11:14:12.440 899-899/? E/WifiTrafficPoller: TRAFFIC_STATS_POLL true Token 26 num clients 7
     packet count Tx=419 Rx=369
06-01 11:14:13.440 899-899/? E/WifiTrafficPoller: TRAFFIC_STATS_POLL true Token 26 num clients 7
06-01 11:14:13.441 899-899/? E/WifiTrafficPoller:  packet count Tx=421 Rx=371
    notifying of data activity 3
06-01 11:14:13.444 1498-1498/? E/NetworkController: No data sim selected
06-01 11:14:13.545 899-1204/? E/WifiStateMachine:  ConnectedState (when=-4ms what=131155 arg1=3!CMD_RSSI_POLL 3 0 "Sybercare18F" 24:10:00:01:0f:ff rssi=-60 f=2412 sc=60 link=135 tx=2.5, 0.0, 0.0  rx=2.5 bcn=0 [on:0 tx:0 rx:0 period:3004] from screen [on:0 period:-1185503832] gl hn u24 rssi=-55 ag=0 hr ticks 0,0,0 ls-=0 [56,56,56,56,61] brc=0 lrc=0
06-01 11:14:13.546 899-1204/? E/WifiStateMachine:  L2ConnectedState (when=-6ms what=131155 arg1=3!CMD_RSSI_POLL 3 0 "Sybercare18F" 24:10:00:01:0f:ff rssi=-60 f=2412 sc=60 link=135 tx=2.5, 0.0, 0.0  rx=2.5 bcn=0 [on:0 tx:0 rx:0 period:2] from screen [on:0 period:-1185503830] gl hn u24 rssi=-55 ag=0 hr ticks 0,0,0 ls-=0 [56,56,56,56,61] brc=0 lrc=0
     get link layer stats 0
06-01 11:14:13.570 899-1204/? E/WifiConfigStore: updateConfiguration freq=2412 BSSID=24:10:00:01:0f:ff RSSI=-59 "Sybercare18F"WPA_PSK
06-01 11:14:14.442 899-899/? E/WifiTrafficPoller: TRAFFIC_STATS_POLL true Token 26 num clients 7
     packet count Tx=421 Rx=371
    notifying of data activity 0
06-01 11:14:14.448 1498-1498/? E/NetworkController: No data sim selected
06-01 11:14:14.860 3682-3682/com.sybercare.healthcare E/com.sybercare.healthcare: [ (KLogLogStrategy.java:42)#E ] syncTask start
06-01 11:14:14.860 3682-3682/com.sybercare.healthcare E/IndexActivity: syncTask start
06-01 11:14:14.865 3682-3682/com.sybercare.healthcare E/com.sybercare.healthcare: [ (KLogLogStrategy.java:42)#E ] IsSyncing:false
06-01 11:14:14.866 3682-3682/com.sybercare.healthcare E/SybercareSyncData: IsSyncing:false
06-01 11:14:14.876 3682-3682/com.sybercare.healthcare E/com.sybercare.healthcare: [ (KLogLogStrategy.java:42)#E ] CURREN NET
06-01 11:14:14.876 3682-3682/com.sybercare.healthcare E/IndexActivity: CURREN NET
06-01 11:14:15.389 3682-3682/com.sybercare.healthcare E/com.sybercare.healthcare: [ (KLogLogStrategy.java:42)#E ] IsSyncing:false
06-01 11:14:15.389 3682-3682/com.sybercare.healthcare E/SybercareSyncData: IsSyncing:false
06-01 11:14:15.397 3682-3682/com.sybercare.healthcare E/com.sybercare.healthcare: [ (KLogLogStrategy.java:42)#E ] sync data start
06-01 11:14:15.397 3682-3682/com.sybercare.healthcare E/SybercareSyncData: sync data start
06-01 11:14:15.406 3682-3682/com.sybercare.healthcare E/com.sybercare.healthcare: [ (KLogLogStrategy.java:42)#E ] resetAllSyncParam
06-01 11:14:15.406 3682-3682/com.sybercare.healthcare E/SybercareSyncData: resetAllSyncParam
06-01 11:14:15.415 3682-3682/com.sybercare.healthcare E/com.sybercare.healthcare: [ (KLogLogStrategy.java:42)#E ] reset Comcode
06-01 11:14:15.416 3682-3682/com.sybercare.healthcare E/SybercareSyncData: reset Comcode
06-01 11:14:15.423 3682-3682/com.sybercare.healthcare E/com.sybercare.healthcare: [ (KLogLogStrategy.java:42)#E ] updateSyncOtherDataUI mOtherDataSyncFinish:false
06-01 11:14:15.423 3682-3682/com.sybercare.healthcare E/SybercareSyncData: updateSyncOtherDataUI mOtherDataSyncFinish:false
06-01 11:14:15.432 3682-3682/com.sybercare.healthcare E/com.sybercare.healthcare: [ (KLogLogStrategy.java:42)#E ] uploadlocaldata
06-01 11:14:15.432 3682-3682/com.sybercare.healthcare E/SybercareSyncData: uploadlocaldata
06-01 11:14:15.443 899-899/? E/WifiTrafficPoller: TRAFFIC_STATS_POLL true Token 26 num clients 7
     packet count Tx=421 Rx=371
06-01 11:14:15.449 3682-3682/com.sybercare.healthcare E/com.sybercare.healthcare: [ (KLogLogStrategy.java:42)#E ] no local GlucoseData
06-01 11:14:15.450 3682-3682/com.sybercare.healthcare E/SybercareSyncData: no local GlucoseData
06-01 11:14:15.453 3682-3682/com.sybercare.healthcare E/com.sybercare.healthcare: [ (KLogLogStrategy.java:42)#E ] sync patient data 1527822855453
06-01 11:14:15.453 3682-3682/com.sybercare.healthcare E/SybercareSyncData: sync patient data 1527822855453
06-01 11:14:15.460 3682-3682/com.sybercare.healthcare E/com.sybercare.healthcare: [ (KLogLogStrategy.java:42)#E ] sync medicaltask:1527822855460
06-01 11:14:15.460 3682-3682/com.sybercare.healthcare E/SybercareSyncData: sync medicaltask:1527822855460
06-01 11:14:15.480 3682-3682/com.sybercare.healthcare E/com.sybercare.healthcare: [ (KLogLogStrategy.java:42)#E ] sync medicaltask:1527822855473
06-01 11:14:15.480 3682-3682/com.sybercare.healthcare E/SybercareSyncData: sync medicaltask:1527822855473
06-01 11:14:15.488 3682-3682/com.sybercare.healthcare E/com.sybercare.healthcare: [ (KLogLogStrategy.java:42)#E ] sync medicaltask:1527822855486
06-01 11:14:15.488 3682-3682/com.sybercare.healthcare E/SybercareSyncData: sync medicaltask:1527822855486
06-01 11:14:15.496 3682-3682/com.sybercare.healthcare E/com.sybercare.healthcare: [ (KLogLogStrategy.java:42)#E ] sync medicaltask:1527822855496
06-01 11:14:15.496 3682-3682/com.sybercare.healthcare E/SybercareSyncData: sync medicaltask:1527822855496
06-01 11:14:15.509 3682-3682/com.sybercare.healthcare E/com.sybercare.healthcare: [ (KLogLogStrategy.java:42)#E ] BROADCAST_SYNC_DATA_RESULT true
06-01 11:14:15.509 3682-3682/com.sybercare.healthcare E/IndexActivity: BROADCAST_SYNC_DATA_RESULT true
06-01 11:14:15.515 3682-3682/com.sybercare.healthcare E/com.sybercare.healthcare: [ (KLogLogStrategy.java:42)#E ] EXTRA_SYNC_ALLDATA_RESULT false
06-01 11:14:15.515 3682-3682/com.sybercare.healthcare E/IndexActivity: EXTRA_SYNC_ALLDATA_RESULT false
06-01 11:14:15.564 3682-4517/com.sybercare.healthcare E/SybercareBusinessData: MedicalOrderTaskDataHandler removedata begin SYNC
06-01 11:14:15.567 3682-4517/com.sybercare.healthcare E/SybercareBusinessData: MedicalOrderTaskDataHandler removedata end cost 3SYNC
    MedicalOrderTaskDataHandler saveData begin SYNC
    MedicalOrderTaskDataHandler saveData end cost 0SYNC
06-01 11:14:15.567 3682-3682/com.sybercare.healthcare E/com.sybercare.healthcare: [ (KLogLogStrategy.java:42)#E ] sync medicaltask success:1527822855564
06-01 11:14:15.567 3682-3682/com.sybercare.healthcare E/SybercareSyncData: sync medicaltask success:1527822855564
06-01 11:14:15.572 3682-3682/com.sybercare.healthcare E/com.sybercare.healthcare: [ (KLogLogStrategy.java:42)#E ] checkMainDataSyncResult
06-01 11:14:15.572 3682-3682/com.sybercare.healthcare E/SybercareSyncData: checkMainDataSyncResult
06-01 11:14:15.575 3682-3682/com.sybercare.healthcare E/com.sybercare.healthcare: [ (KLogLogStrategy.java:42)#E ] checkMainDataSyncResult
06-01 11:14:15.575 3682-3682/com.sybercare.healthcare E/SybercareSyncData: checkMainDataSyncResult
06-01 11:14:15.579 3682-4520/com.sybercare.healthcare E/SybercareBusinessData: MedicalOrderTaskDataHandler removedata begin SYNC
06-01 11:14:15.581 3682-4520/com.sybercare.healthcare E/SybercareBusinessData: MedicalOrderTaskDataHandler removedata end cost 2SYNC
    MedicalOrderTaskDataHandler saveData begin SYNC
    MedicalOrderTaskDataHandler saveData end cost 0SYNC
06-01 11:14:15.582 3682-3682/com.sybercare.healthcare E/com.sybercare.healthcare: [ (KLogLogStrategy.java:42)#E ] sync medicaltask success:1527822855582
06-01 11:14:15.582 3682-3682/com.sybercare.healthcare E/SybercareSyncData: sync medicaltask success:1527822855582
06-01 11:14:15.587 3682-3682/com.sybercare.healthcare E/com.sybercare.healthcare: [ (KLogLogStrategy.java:42)#E ] checkMainDataSyncResult
06-01 11:14:15.587 3682-3682/com.sybercare.healthcare E/SybercareSyncData: checkMainDataSyncResult
06-01 11:14:15.591 3682-3682/com.sybercare.healthcare E/com.sybercare.healthcare: [ (KLogLogStrategy.java:42)#E ] checkMainDataSyncResult
06-01 11:14:15.591 3682-3682/com.sybercare.healthcare E/SybercareSyncData: checkMainDataSyncResult
06-01 11:14:15.701 3682-3682/com.sybercare.healthcare E/com.sybercare.healthcare: [ (KLogLogStrategy.java:42)#E ] sync medicaltask success:1527822855701
06-01 11:14:15.702 3682-3682/com.sybercare.healthcare E/SybercareSyncData: sync medicaltask success:1527822855701
06-01 11:14:15.705 3682-4519/com.sybercare.healthcare E/SybercareBusinessData: MedicalOrderTaskDataHandler removedata begin SYNC
06-01 11:14:15.709 3682-3682/com.sybercare.healthcare E/com.sybercare.healthcare: [ (KLogLogStrategy.java:42)#E ] checkMainDataSyncResult
06-01 11:14:15.710 3682-3682/com.sybercare.healthcare E/SybercareSyncData: checkMainDataSyncResult
06-01 11:14:15.736 3682-3682/com.sybercare.healthcare E/com.sybercare.healthcare: [ (KLogLogStrategy.java:42)#E ] checkMainDataSyncResult
06-01 11:14:15.736 3682-3682/com.sybercare.healthcare E/SybercareSyncData: checkMainDataSyncResult
06-01 11:14:15.746 3682-4519/com.sybercare.healthcare E/SybercareBusinessData: MedicalOrderTaskDataHandler removedata end cost 41SYNC
    MedicalOrderTaskDataHandler saveData begin SYNC
06-01 11:14:15.784 3682-4519/com.sybercare.healthcare E/SybercareBusinessData: MedicalOrderTaskDataHandler saveData end cost 38SYNC
06-01 11:14:15.870 3682-4522/com.sybercare.healthcare E/SybercareBusinessData: MedicalOrderTaskDataHandler removedata begin SYNC
06-01 11:14:15.871 3682-3682/com.sybercare.healthcare E/com.sybercare.healthcare: [ (KLogLogStrategy.java:42)#E ] sync medicaltask success:1527822855870
06-01 11:14:15.871 3682-3682/com.sybercare.healthcare E/SybercareSyncData: sync medicaltask success:1527822855870
06-01 11:14:15.877 3682-3682/com.sybercare.healthcare E/com.sybercare.healthcare: [ (KLogLogStrategy.java:42)#E ] getMedicalOrderTasknohospitalnumtaskid:36294tasktype:0taskdescription:午餐后taskintervalid:3
06-01 11:14:15.877 3682-3682/com.sybercare.healthcare E/SybercareSyncData: getMedicalOrderTasknohospitalnumtaskid:36294tasktype:0taskdescription:午餐后taskintervalid:3
06-01 11:14:15.885 3682-3682/com.sybercare.healthcare E/com.sybercare.healthcare: [ (KLogLogStrategy.java:42)#E ] getMedicalOrderTasknohospitalnumtaskid:36295tasktype:0taskdescription:晚餐前taskintervalid:4
06-01 11:14:15.885 3682-3682/com.sybercare.healthcare E/SybercareSyncData: getMedicalOrderTasknohospitalnumtaskid:36295tasktype:0taskdescription:晚餐前taskintervalid:4
06-01 11:14:15.890 3682-3682/com.sybercare.healthcare E/com.sybercare.healthcare: [ (KLogLogStrategy.java:42)#E ] getMedicalOrderTasknohospitalnumtaskid:36296tasktype:0taskdescription:晚餐后taskintervalid:5
06-01 11:14:15.890 3682-3682/com.sybercare.healthcare E/SybercareSyncData: getMedicalOrderTasknohospitalnumtaskid:36296tasktype:0taskdescription:晚餐后taskintervalid:5
06-01 11:14:15.899 3682-3682/com.sybercare.healthcare E/com.sybercare.healthcare: [ (KLogLogStrategy.java:42)#E ] getMedicalOrderTasknohospitalnumtaskid:36482tasktype:0taskdescription:空腹taskintervalid:0
06-01 11:14:15.899 3682-3682/com.sybercare.healthcare E/SybercareSyncData: getMedicalOrderTasknohospitalnumtaskid:36482tasktype:0taskdescription:空腹taskintervalid:0
06-01 11:14:15.904 3682-3682/com.sybercare.healthcare E/com.sybercare.healthcare: [ (KLogLogStrategy.java:42)#E ] getMedicalOrderTasknohospitalnumtaskid:36483tasktype:0taskdescription:早餐后taskintervalid:1
06-01 11:14:15.905 3682-3682/com.sybercare.healthcare E/SybercareSyncData: getMedicalOrderTasknohospitalnumtaskid:36483tasktype:0taskdescription:早餐后taskintervalid:1
06-01 11:14:15.910 3682-3682/com.sybercare.healthcare E/com.sybercare.healthcare: [ (KLogLogStrategy.java:42)#E ] getMedicalOrderTasknohospitalnumtaskid:36484tasktype:0taskdescription:午餐前taskintervalid:2
06-01 11:14:15.910 3682-3682/com.sybercare.healthcare E/SybercareSyncData: getMedicalOrderTasknohospitalnumtaskid:36484tasktype:0taskdescription:午餐前taskintervalid:2
06-01 11:14:15.928 899-1204/? E/WifiStateMachine:  ConnectedState (when=-2ms what=131143 arg1=-2 arg2=24) !CMD_START_SCAN -2 24 ic=0 proc(ms):20002 dur:2540 cnt=24 rssi=-60 f=2412 sc=60 link=135 tx=2.3, 0.0, 0.0  rx=2.3 fiv=30000 [on:0 tx:0 rx:0 period:2354] from screen [on:0 period:-1185501449]
     L2ConnectedState (when=-3ms what=131143 arg1=-2 arg2=24) !CMD_START_SCAN -2 24 ic=0 proc(ms):20003 dur:2540 cnt=24 rssi=-60 f=2412 sc=60 link=135 tx=2.3, 0.0, 0.0  rx=2.3 fiv=30000 [on:0 tx:0 rx:0 period:1] from screen [on:0 period:-1185501448]
    WifiStateMachine CMD_START_SCAN source -2 txSuccessRate=2.27 rxSuccessRate=2.26 targetRoamBSSID=any RSSI=-60
    startDelayedScan send -> 25 milli 20000
    WifiStateMachine CMD_START_SCAN with age=20003 interval=30000 maxinterval=300000
    WifiStateMachine CMD_START_SCAN full=false
06-01 11:14:15.929 899-1204/? E/WifiConfigStore: makeChannelList age=3600000 for "Sybercare18F"WPA_PSK max=6 bssids=1
    has 24:10:00:01:0f:ff freq=2412 age=2358 ?=true
06-01 11:14:15.929 899-1204/? E/WifiStateMachine: WifiStateMachine starting scan for "Sybercare18F"WPA_PSK with 2412
    stopReconnectWifi Wfd=false StopScan=false mDontReconnectAndScan=false
06-01 11:14:15.929 899-1204/? E/WifiStateMachine: [1,527,822,855,929 ms] noteScanstart no scan source uid -2
06-01 11:14:15.933 899-3810/? E/WifiMonitor: handleEvent unknown: 15  CTRL-EVENT-SCAN-STARTED 
06-01 11:14:15.958 3682-3682/com.sybercare.healthcare E/com.sybercare.healthcare: [ (KLogLogStrategy.java:42)#E ] getMedicalOrderTasknohospitalnumtaskid:36485tasktype:0taskdescription:午餐后taskintervalid:3
06-01 11:14:15.959 3682-3682/com.sybercare.healthcare E/SybercareSyncData: getMedicalOrderTasknohospitalnumtaskid:36485tasktype:0taskdescription:午餐后taskintervalid:3
06-01 11:14:15.963 3682-4522/com.sybercare.healthcare E/SybercareBusinessData: MedicalOrderTaskDataHandler removedata end cost 93SYNC
06-01 11:14:15.964 3682-4522/com.sybercare.healthcare E/SybercareBusinessData: MedicalOrderTaskDataHandler saveData begin SYNC
06-01 11:14:15.970 3682-3682/com.sybercare.healthcare E/com.sybercare.healthcare: [ (KLogLogStrategy.java:42)#E ] getMedicalOrderTasknohospitalnumtaskid:36486tasktype:0taskdescription:晚餐前taskintervalid:4
06-01 11:14:15.970 3682-3682/com.sybercare.healthcare E/SybercareSyncData: getMedicalOrderTasknohospitalnumtaskid:36486tasktype:0taskdescription:晚餐前taskintervalid:4
06-01 11:14:15.974 3682-3682/com.sybercare.healthcare E/com.sybercare.healthcare: [ (KLogLogStrategy.java:42)#E ] getMedicalOrderTasknohospitalnumtaskid:36487tasktype:0taskdescription:晚餐后taskintervalid:5
06-01 11:14:15.974 3682-3682/com.sybercare.healthcare E/SybercareSyncData: getMedicalOrderTasknohospitalnumtaskid:36487tasktype:0taskdescription:晚餐后taskintervalid:5
06-01 11:14:16.012 3682-3682/com.sybercare.healthcare E/com.sybercare.healthcare: [ (KLogLogStrategy.java:42)#E ] getMedicalOrderTasknohospitalnumtaskid:36279tasktype:0taskdescription:空腹taskintervalid:0
06-01 11:14:16.013 3682-3682/com.sybercare.healthcare E/SybercareSyncData: getMedicalOrderTasknohospitalnumtaskid:36279tasktype:0taskdescription:空腹taskintervalid:0
06-01 11:14:16.027 3682-3682/com.sybercare.healthcare E/com.sybercare.healthcare: [ (KLogLogStrategy.java:42)#E ] getMedicalOrderTasknohospitalnumtaskid:36280tasktype:0taskdescription:早餐后taskintervalid:1
06-01 11:14:16.028 3682-3682/com.sybercare.healthcare E/SybercareSyncData: getMedicalOrderTasknohospitalnumtaskid:36280tasktype:0taskdescription:早餐后taskintervalid:1
06-01 11:14:16.049 3682-3682/com.sybercare.healthcare E/com.sybercare.healthcare: [ (KLogLogStrategy.java:42)#E ] getMedicalOrderTasknohospitalnumtaskid:36281tasktype:0taskdescription:午餐后taskintervalid:3
06-01 11:14:16.049 3682-3682/com.sybercare.healthcare E/SybercareSyncData: getMedicalOrderTasknohospitalnumtaskid:36281tasktype:0taskdescription:午餐后taskintervalid:3
06-01 11:14:16.056 3682-3682/com.sybercare.healthcare E/com.sybercare.healthcare: [ (KLogLogStrategy.java:42)#E ] getMedicalOrderTasknohospitalnumtaskid:36282tasktype:0taskdescription:晚餐后taskintervalid:5
06-01 11:14:16.056 3682-3682/com.sybercare.healthcare E/SybercareSyncData: getMedicalOrderTasknohospitalnumtaskid:36282tasktype:0taskdescription:晚餐后taskintervalid:5
06-01 11:14:16.061 3682-3682/com.sybercare.healthcare E/com.sybercare.healthcare: [ (KLogLogStrategy.java:42)#E ] getMedicalOrderTasknohospitalnumtaskid:36421tasktype:0taskdescription:空腹taskintervalid:0
06-01 11:14:16.061 3682-3682/com.sybercare.healthcare E/SybercareSyncData: getMedicalOrderTasknohospitalnumtaskid:36421tasktype:0taskdescription:空腹taskintervalid:0
06-01 11:14:16.067 3682-3682/com.sybercare.healthcare E/com.sybercare.healthcare: [ (KLogLogStrategy.java:42)#E ] getMedicalOrderTasknohospitalnumtaskid:36422tasktype:0taskdescription:早餐后taskintervalid:1
06-01 11:14:16.067 3682-3682/com.sybercare.healthcare E/SybercareSyncData: getMedicalOrderTasknohospitalnumtaskid:36422tasktype:0taskdescription:早餐后taskintervalid:1
06-01 11:14:16.071 3682-3682/com.sybercare.healthcare E/com.sybercare.healthcare: [ (KLogLogStrategy.java:42)#E ] getMedicalOrderTasknohospitalnumtaskid:36423tasktype:0taskdescription:午餐后taskintervalid:3
06-01 11:14:16.071 3682-3682/com.sybercare.healthcare E/SybercareSyncData: getMedicalOrderTasknohospitalnumtaskid:36423tasktype:0taskdescription:午餐后taskintervalid:3
06-01 11:14:16.075 3682-3682/com.sybercare.healthcare E/com.sybercare.healthcare: [ (KLogLogStrategy.java:42)#E ] getMedicalOrderTasknohospitalnumtaskid:36424tasktype:0taskdescription:晚餐后taskintervalid:5
06-01 11:14:16.075 3682-3682/com.sybercare.healthcare E/SybercareSyncData: getMedicalOrderTasknohospitalnumtaskid:36424tasktype:0taskdescription:晚餐后taskintervalid:5
06-01 11:14:16.080 3682-3682/com.sybercare.healthcare E/com.sybercare.healthcare: [ (KLogLogStrategy.java:42)#E ] getMedicalOrderTasknohospitalnumtaskid:36321tasktype:0taskdescription:空腹taskintervalid:0
06-01 11:14:16.080 3682-3682/com.sybercare.healthcare E/SybercareSyncData: getMedicalOrderTasknohospitalnumtaskid:36321tasktype:0taskdescription:空腹taskintervalid:0
06-01 11:14:16.085 3682-3682/com.sybercare.healthcare E/com.sybercare.healthcare: [ (KLogLogStrategy.java:42)#E ] getMedicalOrderTasknohospitalnumtaskid:36322tasktype:0taskdescription:早餐后taskintervalid:1
06-01 11:14:16.085 3682-3682/com.sybercare.healthcare E/SybercareSyncData: getMedicalOrderTasknohospitalnumtaskid:36322tasktype:0taskdescription:早餐后taskintervalid:1
06-01 11:14:16.089 3682-3682/com.sybercare.healthcare E/com.sybercare.healthcare: [ (KLogLogStrategy.java:42)#E ] getMedicalOrderTasknohospitalnumtaskid:36323tasktype:0taskdescription:午餐前taskintervalid:2
06-01 11:14:16.089 3682-3682/com.sybercare.healthcare E/SybercareSyncData: getMedicalOrderTasknohospitalnumtaskid:36323tasktype:0taskdescription:午餐前taskintervalid:2
06-01 11:14:16.093 3682-3682/com.sybercare.healthcare E/com.sybercare.healthcare: [ (KLogLogStrategy.java:42)#E ] getMedicalOrderTasknohospitalnumtaskid:36324tasktype:0taskdescription:午餐后taskintervalid:3
06-01 11:14:16.093 3682-3682/com.sybercare.healthcare E/SybercareSyncData: getMedicalOrderTasknohospitalnumtaskid:36324tasktype:0taskdescription:午餐后taskintervalid:3
06-01 11:14:16.097 3682-3682/com.sybercare.healthcare E/com.sybercare.healthcare: [ (KLogLogStrategy.java:42)#E ] getMedicalOrderTasknohospitalnumtaskid:36325tasktype:0taskdescription:晚餐前taskintervalid:4
06-01 11:14:16.097 3682-3682/com.sybercare.healthcare E/SybercareSyncData: getMedicalOrderTasknohospitalnumtaskid:36325tasktype:0taskdescription:晚餐前taskintervalid:4
06-01 11:14:16.102 3682-3682/com.sybercare.healthcare E/com.sybercare.healthcare: [ (KLogLogStrategy.java:42)#E ] getMedicalOrderTasknohospitalnumtaskid:36326tasktype:0taskdescription:晚餐后taskintervalid:5
06-01 11:14:16.102 3682-3682/com.sybercare.healthcare E/SybercareSyncData: getMedicalOrderTasknohospitalnumtaskid:36326tasktype:0taskdescription:晚餐后taskintervalid:5
06-01 11:14:16.106 3682-3682/com.sybercare.healthcare E/com.sybercare.healthcare: [ (KLogLogStrategy.java:42)#E ] getMedicalOrderTasknohospitalnumtaskid:36480tasktype:0taskdescription:q4htaskintervalid:999
06-01 11:14:16.106 3682-3682/com.sybercare.healthcare E/SybercareSyncData: getMedicalOrderTasknohospitalnumtaskid:36480tasktype:0taskdescription:q4htaskintervalid:999
06-01 11:14:16.110 3682-3682/com.sybercare.healthcare E/com.sybercare.healthcare: [ (KLogLogStrategy.java:42)#E ] getMedicalOrderTasknohospitalnumtaskid:36372tasktype:0taskdescription:空腹taskintervalid:0
06-01 11:14:16.110 3682-3682/com.sybercare.healthcare E/SybercareSyncData: getMedicalOrderTasknohospitalnumtaskid:36372tasktype:0taskdescription:空腹taskintervalid:0
06-01 11:14:16.114 3682-3682/com.sybercare.healthcare E/com.sybercare.healthcare: [ (KLogLogStrategy.java:42)#E ] getMedicalOrderTasknohospitalnumtaskid:36373tasktype:0taskdescription:早餐后taskintervalid:1
06-01 11:14:16.114 3682-3682/com.sybercare.healthcare E/SybercareSyncData: getMedicalOrderTasknohospitalnumtaskid:36373tasktype:0taskdescription:早餐后taskintervalid:1
06-01 11:14:16.118 3682-3682/com.sybercare.healthcare E/com.sybercare.healthcare: [ (KLogLogStrategy.java:42)#E ] getMedicalOrderTasknohospitalnumtaskid:36374tasktype:0taskdescription:午餐前taskintervalid:2
06-01 11:14:16.118 3682-3682/com.sybercare.healthcare E/SybercareSyncData: getMedicalOrderTasknohospitalnumtaskid:36374tasktype:0taskdescription:午餐前taskintervalid:2
06-01 11:14:16.122 3682-3682/com.sybercare.healthcare E/com.sybercare.healthcare: [ (KLogLogStrategy.java:42)#E ] getMedicalOrderTasknohospitalnumtaskid:36375tasktype:0taskdescription:午餐后taskintervalid:3
06-01 11:14:16.122 3682-3682/com.sybercare.healthcare E/SybercareSyncData: getMedicalOrderTasknohospitalnumtaskid:36375tasktype:0taskdescription:午餐后taskintervalid:3
06-01 11:14:16.126 3682-3682/com.sybercare.healthcare E/com.sybercare.healthcare: [ (KLogLogStrategy.java:42)#E ] getMedicalOrderTasknohospitalnumtaskid:36376tasktype:0taskdescription:晚餐前taskintervalid:4
06-01 11:14:16.126 3682-3682/com.sybercare.healthcare E/SybercareSyncData: getMedicalOrderTasknohospitalnumtaskid:36376tasktype:0taskdescription:晚餐前taskintervalid:4
06-01 11:14:16.130 3682-3682/com.sybercare.healthcare E/com.sybercare.healthcare: [ (KLogLogStrategy.java:42)#E ] getMedicalOrderTasknohospitalnumtaskid:36377tasktype:0taskdescription:晚餐后taskintervalid:5
06-01 11:14:16.130 3682-3682/com.sybercare.healthcare E/SybercareSyncData: getMedicalOrderTasknohospitalnumtaskid:36377tasktype:0taskdescription:晚餐后taskintervalid:5
06-01 11:14:16.134 3682-3682/com.sybercare.healthcare E/com.sybercare.healthcare: [ (KLogLogStrategy.java:42)#E ] getMedicalOrderTasknohospitalnumtaskid:36471tasktype:0taskdescription:空腹taskintervalid:0
06-01 11:14:16.134 3682-3682/com.sybercare.healthcare E/SybercareSyncData: getMedicalOrderTasknohospitalnumtaskid:36471tasktype:0taskdescription:空腹taskintervalid:0
06-01 11:14:16.138 3682-3682/com.sybercare.healthcare E/com.sybercare.healthcare: [ (KLogLogStrategy.java:42)#E ] getMedicalOrderTasknohospitalnumtaskid:36472tasktype:0taskdescription:早餐后taskintervalid:1
06-01 11:14:16.138 3682-3682/com.sybercare.healthcare E/SybercareSyncData: getMedicalOrderTasknohospitalnumtaskid:36472tasktype:0taskdescription:早餐后taskintervalid:1
06-01 11:14:16.142 3682-3682/com.sybercare.healthcare E/com.sybercare.healthcare: [ (KLogLogStrategy.java:42)#E ] getMedicalOrderTasknohospitalnumtaskid:36473tasktype:0taskdescription:午餐前taskintervalid:2
06-01 11:14:16.142 3682-3682/com.sybercare.healthcare E/SybercareSyncData: getMedicalOrderTasknohospitalnumtaskid:36473tasktype:0taskdescription:午餐前taskintervalid:2
06-01 11:14:16.159 3682-3682/com.sybercare.healthcare E/com.sybercare.healthcare: [ (KLogLogStrategy.java:42)#E ] getMedicalOrderTasknohospitalnumtaskid:36474tasktype:0taskdescription:午餐后taskintervalid:3
06-01 11:14:16.159 3682-3682/com.sybercare.healthcare E/SybercareSyncData: getMedicalOrderTasknohospitalnumtaskid:36474tasktype:0taskdescription:午餐后taskintervalid:3
06-01 11:14:16.169 3682-3682/com.sybercare.healthcare E/com.sybercare.healthcare: [ (KLogLogStrategy.java:42)#E ] getMedicalOrderTasknohospitalnumtaskid:36475tasktype:0taskdescription:晚餐前taskintervalid:4
06-01 11:14:16.169 3682-3682/com.sybercare.healthcare E/SybercareSyncData: getMedicalOrderTasknohospitalnumtaskid:36475tasktype:0taskdescription:晚餐前taskintervalid:4
