06-01 11:14:18.350 3682-3682/com.sybercare.healthcare E/com.sybercare.healthcare: [ (KLogLogStrategy.java:42)#E ] getMedicalOrderTasknohospitalnumtaskid:36340tasktype:0taskdescription:晚餐后taskintervalid:5
06-01 11:14:18.350 3682-3682/com.sybercare.healthcare E/RocheIndexGlucoseOrderListFragment: getMedicalOrderTasknohospitalnumtaskid:36340tasktype:0taskdescription:晚餐后taskintervalid:5
06-01 11:14:18.355 3682-3682/com.sybercare.healthcare E/com.sybercare.healthcare: [ (KLogLogStrategy.java:42)#E ] getMedicalOrderTasknohospitalnumtaskid:36464tasktype:0taskdescription:空腹taskintervalid:0
06-01 11:14:18.355 3682-3682/com.sybercare.healthcare E/RocheIndexGlucoseOrderListFragment: getMedicalOrderTasknohospitalnumtaskid:36464tasktype:0taskdescription:空腹taskintervalid:0
06-01 11:14:18.360 3682-3682/com.sybercare.healthcare E/com.sybercare.healthcare: [ (KLogLogStrategy.java:42)#E ] getMedicalOrderTasknohospitalnumtaskid:36465tasktype:0taskdescription:早餐后taskintervalid:1
06-01 11:14:18.360 3682-3682/com.sybercare.healthcare E/RocheIndexGlucoseOrderListFragment: getMedicalOrderTasknohospitalnumtaskid:36465tasktype:0taskdescription:早餐后taskintervalid:1
06-01 11:14:18.365 3682-3682/com.sybercare.healthcare E/com.sybercare.healthcare: [ (KLogLogStrategy.java:42)#E ] getMedicalOrderTasknohospitalnumtaskid:36466tasktype:0taskdescription:午餐前taskintervalid:2
06-01 11:14:18.365 3682-3682/com.sybercare.healthcare E/RocheIndexGlucoseOrderListFragment: getMedicalOrderTasknohospitalnumtaskid:36466tasktype:0taskdescription:午餐前taskintervalid:2
06-01 11:14:18.370 3682-3682/com.sybercare.healthcare E/com.sybercare.healthcare: [ (KLogLogStrategy.java:42)#E ] getMedicalOrderTasknohospitalnumtaskid:36467tasktype:0taskdescription:午餐后taskintervalid:3
06-01 11:14:18.370 3682-3682/com.sybercare.healthcare E/RocheIndexGlucoseOrderListFragment: getMedicalOrderTasknohospitalnumtaskid:36467tasktype:0taskdescription:午餐后taskintervalid:3
06-01 11:14:18.375 3682-3682/com.sybercare.healthcare E/com.sybercare.healthcare: [ (KLogLogStrategy.java:42)#E ] getMedicalOrderTasknohospitalnumtaskid:36468tasktype:0taskdescription:晚餐前taskintervalid:4
06-01 11:14:18.375 3682-3682/com.sybercare.healthcare E/RocheIndexGlucoseOrderListFragment: getMedicalOrderTasknohospitalnumtaskid:36468tasktype:0taskdescription:晚餐前taskintervalid:4
06-01 11:14:18.380 3682-3682/com.sybercare.healthcare E/com.sybercare.healthcare: [ (KLogLogStrategy.java:42)#E ] getMedicalOrderTasknohospitalnumtaskid:36469tasktype:0taskdescription:晚餐后taskintervalid:5
06-01 11:14:18.380 3682-3682/com.sybercare.healthcare E/RocheIndexGlucoseOrderListFragment: getMedicalOrderTasknohospitalnumtaskid:36469tasktype:0taskdescription:晚餐后taskintervalid:5
06-01 11:14:18.386 3682-3682/com.sybercare.healthcare E/com.sybercare.healthcare: [ (KLogLogStrategy.java:42)#E ] getMedicalOrderTasknohospitalnumtaskid:36452tasktype:0taskdescription:空腹taskintervalid:0
06-01 11:14:18.386 3682-3682/com.sybercare.healthcare E/RocheIndexGlucoseOrderListFragment: getMedicalOrderTasknohospitalnumtaskid:36452tasktype:0taskdescription:空腹taskintervalid:0
06-01 11:14:18.391 3682-3682/com.sybercare.healthcare E/com.sybercare.healthcare: [ (KLogLogStrategy.java:42)#E ] getMedicalOrderTasknohospitalnumtaskid:36453tasktype:0taskdescription:早餐后taskintervalid:1
06-01 11:14:18.391 3682-3682/com.sybercare.healthcare E/RocheIndexGlucoseOrderListFragment: getMedicalOrderTasknohospitalnumtaskid:36453tasktype:0taskdescription:早餐后taskintervalid:1
06-01 11:14:18.396 3682-3682/com.sybercare.healthcare E/com.sybercare.healthcare: [ (KLogLogStrategy.java:42)#E ] getMedicalOrderTasknohospitalnumtaskid:36454tasktype:0taskdescription:午餐后taskintervalid:3
06-01 11:14:18.396 3682-3682/com.sybercare.healthcare E/RocheIndexGlucoseOrderListFragment: getMedicalOrderTasknohospitalnumtaskid:36454tasktype:0taskdescription:午餐后taskintervalid:3
06-01 11:14:18.400 3682-3682/com.sybercare.healthcare E/com.sybercare.healthcare: [ (KLogLogStrategy.java:42)#E ] getMedicalOrderTasknohospitalnumtaskid:36455tasktype:0taskdescription:晚餐后taskintervalid:5
06-01 11:14:18.400 3682-3682/com.sybercare.healthcare E/RocheIndexGlucoseOrderListFragment: getMedicalOrderTasknohospitalnumtaskid:36455tasktype:0taskdescription:晚餐后taskintervalid:5
06-01 11:14:18.403 3682-3682/com.sybercare.healthcare E/com.sybercare.healthcare: [ (KLogLogStrategy.java:42)#E ] getMedicalOrderTasknohospitalnumtaskid:36503tasktype:0taskdescription:空腹taskintervalid:0
06-01 11:14:18.404 3682-3682/com.sybercare.healthcare E/RocheIndexGlucoseOrderListFragment: getMedicalOrderTasknohospitalnumtaskid:36503tasktype:0taskdescription:空腹taskintervalid:0
06-01 11:14:18.407 3682-3682/com.sybercare.healthcare E/com.sybercare.healthcare: [ (KLogLogStrategy.java:42)#E ] getMedicalOrderTasknohospitalnumtaskid:36504tasktype:0taskdescription:早餐后taskintervalid:1
06-01 11:14:18.407 3682-3682/com.sybercare.healthcare E/RocheIndexGlucoseOrderListFragment: getMedicalOrderTasknohospitalnumtaskid:36504tasktype:0taskdescription:早餐后taskintervalid:1
06-01 11:14:18.412 3682-3682/com.sybercare.healthcare E/com.sybercare.healthcare: [ (KLogLogStrategy.java:42)#E ] getMedicalOrderTasknohospitalnumtaskid:36505tasktype:0taskdescription:午餐前taskintervalid:2
06-01 11:14:18.412 3682-3682/com.sybercare.healthcare E/RocheIndexGlucoseOrderListFragment: getMedicalOrderTasknohospitalnumtaskid:36505tasktype:0taskdescription:午餐前taskintervalid:2
06-01 11:14:18.415 3682-3682/com.sybercare.healthcare E/com.sybercare.healthcare: [ (KLogLogStrategy.java:42)#E ] getMedicalOrderTasknohospitalnumtaskid:36506tasktype:0taskdescription:午餐后taskintervalid:3
06-01 11:14:18.416 3682-3682/com.sybercare.healthcare E/RocheIndexGlucoseOrderListFragment: getMedicalOrderTasknohospitalnumtaskid:36506tasktype:0taskdescription:午餐后taskintervalid:3
06-01 11:14:18.419 899-1204/? E/WifiStateMachine:  ConnectedState (when=0 what=147461!SCAN_RESULTS_EVENT 0 0 found=20 known=1 got=20 bcn=0 con=0 last="Sybercare18F"WPA_PSK
06-01 11:14:18.420 899-1204/? E/WifiStateMachine:  L2ConnectedState (when=0 what=147461!SCAN_RESULTS_EVENT 0 0 found=20 known=1 got=20 bcn=0 con=0 last="Sybercare18F"WPA_PSK
     ConnectModeState (when=-1ms what=147461!SCAN_RESULTS_EVENT 0 0 found=20 known=1 got=20 bcn=0 con=0 last="Sybercare18F"WPA_PSK
     DriverStartedState (when=-1ms what=147461!SCAN_RESULTS_EVENT 0 0 found=20 known=1 got=20 bcn=0 con=0 last="Sybercare18F"WPA_PSK
06-01 11:14:18.421 899-1204/? E/WifiStateMachine:  SupplicantStartedState (when=-1ms what=147461!SCAN_RESULTS_EVENT 0 0 found=20 known=1 got=20 bcn=0 con=0 last="Sybercare18F"WPA_PSK
    [1,527,822,858,421 ms] noteScanEnd no scan source onTime=0
06-01 11:14:18.428 899-1204/? E/WifiStateMachine: wifi setScanResults statecom.android.server.wifi.WifiStateMachine$ConnectedState@18eb3ffe sup_state=COMPLETED debouncing=false mConnectionRequests=0 selection="Sybercare18F"WPA_PSK
06-01 11:14:18.429 899-1204/? E/WifiConfigStore: updateSavedNetworkHistory(): try "Sybercare18F"WPA_PSK SSID="Sybercare18F" Sybercare18F [WPA2-PSK-CCMP][ESS] ajst=0
            got known scan result 24:10:00:01:0f:ff key : "Sybercare18F"WPA_PSK num: 1 rssi=-59 freq=2412
06-01 11:14:18.430 3682-3682/com.sybercare.healthcare E/com.sybercare.healthcare: [ (KLogLogStrategy.java:42)#E ] getMedicalOrderTasknohospitalnumtaskid:36507tasktype:0taskdescription:晚餐前taskintervalid:4
06-01 11:14:18.430 3682-3682/com.sybercare.healthcare E/RocheIndexGlucoseOrderListFragment: getMedicalOrderTasknohospitalnumtaskid:36507tasktype:0taskdescription:晚餐前taskintervalid:4
06-01 11:14:18.432 899-1204/? E/WifiAutoJoinController: status: bssid=24:10:00:01:0f:ff
    freq=2412
    ssid=Sybercare18F
    id=0
    mode=station
    pairwise_cipher=CCMP
    group_cipher=CCMP
    key_mgmt=WPA2-PSK
    wpa_state=COMPLETED
    ip_address=192.168.100.170
    p2p_device_address=02:08:22:6d:70:49
    address=00:08:22:6d:70:49
    uuid=8dc04993-5424-52c9-9c91-c99fbbe42c87
06-01 11:14:18.433 899-1204/? E/WifiAutoJoinController: attemptAutoJoin() num recent config 1 current="Sybercare18F"WPA_PSK last="Sybercare18F"WPA_PSK ---> suppNetId=0
    Done attemptAutoJoin status=0
06-01 11:14:18.433 899-1204/? E/WifiConfigStore:  writeKnownNetworkHistory() num networks:1 needWrite=false
06-01 11:14:18.447 899-899/? E/WifiTrafficPoller: TRAFFIC_STATS_POLL true Token 26 num clients 7
06-01 11:14:18.448 3682-3682/com.sybercare.healthcare E/com.sybercare.healthcare: [ (KLogLogStrategy.java:42)#E ] getMedicalOrderTasknohospitalnumtaskid:36508tasktype:0taskdescription:晚餐后taskintervalid:5
06-01 11:14:18.448 899-899/? E/WifiTrafficPoller:  packet count Tx=607 Rx=540
06-01 11:14:18.448 3682-3682/com.sybercare.healthcare E/RocheIndexGlucoseOrderListFragment: getMedicalOrderTasknohospitalnumtaskid:36508tasktype:0taskdescription:晚餐后taskintervalid:5
06-01 11:14:18.490 3682-3682/com.sybercare.healthcare E/com.sybercare.healthcare: [ (KLogLogStrategy.java:42)#E ] getMedicalOrderTasknohospitalnumtaskid:36305tasktype:0taskdescription:空腹taskintervalid:0
06-01 11:14:18.491 3682-3682/com.sybercare.healthcare E/RocheIndexGlucoseOrderListFragment: getMedicalOrderTasknohospitalnumtaskid:36305tasktype:0taskdescription:空腹taskintervalid:0
06-01 11:14:18.504 3682-3682/com.sybercare.healthcare E/com.sybercare.healthcare: [ (KLogLogStrategy.java:42)#E ] getMedicalOrderTasknohospitalnumtaskid:36306tasktype:0taskdescription:早餐后taskintervalid:1
06-01 11:14:18.504 3682-3682/com.sybercare.healthcare E/RocheIndexGlucoseOrderListFragment: getMedicalOrderTasknohospitalnumtaskid:36306tasktype:0taskdescription:早餐后taskintervalid:1
06-01 11:14:18.508 3682-3682/com.sybercare.healthcare E/com.sybercare.healthcare: [ (KLogLogStrategy.java:42)#E ] getMedicalOrderTasknohospitalnumtaskid:36307tasktype:0taskdescription:午餐前taskintervalid:2
06-01 11:14:18.508 3682-3682/com.sybercare.healthcare E/RocheIndexGlucoseOrderListFragment: getMedicalOrderTasknohospitalnumtaskid:36307tasktype:0taskdescription:午餐前taskintervalid:2
06-01 11:14:18.512 3682-3682/com.sybercare.healthcare E/com.sybercare.healthcare: [ (KLogLogStrategy.java:42)#E ] getMedicalOrderTasknohospitalnumtaskid:36308tasktype:0taskdescription:午餐后taskintervalid:3
06-01 11:14:18.512 3682-3682/com.sybercare.healthcare E/RocheIndexGlucoseOrderListFragment: getMedicalOrderTasknohospitalnumtaskid:36308tasktype:0taskdescription:午餐后taskintervalid:3
06-01 11:14:18.517 3682-3682/com.sybercare.healthcare E/com.sybercare.healthcare: [ (KLogLogStrategy.java:42)#E ] getMedicalOrderTasknohospitalnumtaskid:36309tasktype:0taskdescription:晚餐前taskintervalid:4
06-01 11:14:18.517 3682-3682/com.sybercare.healthcare E/RocheIndexGlucoseOrderListFragment: getMedicalOrderTasknohospitalnumtaskid:36309tasktype:0taskdescription:晚餐前taskintervalid:4
06-01 11:14:18.521 3682-3682/com.sybercare.healthcare E/com.sybercare.healthcare: [ (KLogLogStrategy.java:42)#E ] getMedicalOrderTasknohospitalnumtaskid:36310tasktype:0taskdescription:晚餐后taskintervalid:5
06-01 11:14:18.521 3682-3682/com.sybercare.healthcare E/RocheIndexGlucoseOrderListFragment: getMedicalOrderTasknohospitalnumtaskid:36310tasktype:0taskdescription:晚餐后taskintervalid:5
06-01 11:14:18.525 3682-3682/com.sybercare.healthcare E/com.sybercare.healthcare: [ (KLogLogStrategy.java:42)#E ] getMedicalOrderTasknohospitalnumtaskid:36311tasktype:0taskdescription:0点taskintervalid:7
06-01 11:14:18.525 3682-3682/com.sybercare.healthcare E/RocheIndexGlucoseOrderListFragment: getMedicalOrderTasknohospitalnumtaskid:36311tasktype:0taskdescription:0点taskintervalid:7
06-01 11:14:18.529 3682-3682/com.sybercare.healthcare E/com.sybercare.healthcare: [ (KLogLogStrategy.java:42)#E ] getMedicalOrderTasknohospitalnumtaskid:36312tasktype:0taskdescription:凌晨3点taskintervalid:9
06-01 11:14:18.529 3682-3682/com.sybercare.healthcare E/RocheIndexGlucoseOrderListFragment: getMedicalOrderTasknohospitalnumtaskid:36312tasktype:0taskdescription:凌晨3点taskintervalid:9
06-01 11:14:18.533 3682-3682/com.sybercare.healthcare E/com.sybercare.healthcare: [ (KLogLogStrategy.java:42)#E ] getMedicalOrderTasknohospitalnumtaskid:36342tasktype:0taskdescription:空腹taskintervalid:0
06-01 11:14:18.533 3682-3682/com.sybercare.healthcare E/RocheIndexGlucoseOrderListFragment: getMedicalOrderTasknohospitalnumtaskid:36342tasktype:0taskdescription:空腹taskintervalid:0
06-01 11:14:18.537 3682-3682/com.sybercare.healthcare E/com.sybercare.healthcare: [ (KLogLogStrategy.java:42)#E ] getMedicalOrderTasknohospitalnumtaskid:36343tasktype:0taskdescription:早餐后taskintervalid:1
06-01 11:14:18.537 3682-3682/com.sybercare.healthcare E/RocheIndexGlucoseOrderListFragment: getMedicalOrderTasknohospitalnumtaskid:36343tasktype:0taskdescription:早餐后taskintervalid:1
06-01 11:14:18.541 3682-3682/com.sybercare.healthcare E/com.sybercare.healthcare: [ (KLogLogStrategy.java:42)#E ] getMedicalOrderTasknohospitalnumtaskid:36344tasktype:0taskdescription:午餐前taskintervalid:2
06-01 11:14:18.541 3682-3682/com.sybercare.healthcare E/RocheIndexGlucoseOrderListFragment: getMedicalOrderTasknohospitalnumtaskid:36344tasktype:0taskdescription:午餐前taskintervalid:2
06-01 11:14:18.545 3682-3682/com.sybercare.healthcare E/com.sybercare.healthcare: [ (KLogLogStrategy.java:42)#E ] getMedicalOrderTasknohospitalnumtaskid:36345tasktype:0taskdescription:午餐后taskintervalid:3
06-01 11:14:18.545 3682-3682/com.sybercare.healthcare E/RocheIndexGlucoseOrderListFragment: getMedicalOrderTasknohospitalnumtaskid:36345tasktype:0taskdescription:午餐后taskintervalid:3
06-01 11:14:18.549 3682-3682/com.sybercare.healthcare E/com.sybercare.healthcare: [ (KLogLogStrategy.java:42)#E ] getMedicalOrderTasknohospitalnumtaskid:36346tasktype:0taskdescription:晚餐前taskintervalid:4
06-01 11:14:18.549 3682-3682/com.sybercare.healthcare E/RocheIndexGlucoseOrderListFragment: getMedicalOrderTasknohospitalnumtaskid:36346tasktype:0taskdescription:晚餐前taskintervalid:4
06-01 11:14:18.553 3682-3682/com.sybercare.healthcare E/com.sybercare.healthcare: [ (KLogLogStrategy.java:42)#E ] getMedicalOrderTasknohospitalnumtaskid:36347tasktype:0taskdescription:晚餐后taskintervalid:5
06-01 11:14:18.553 3682-3682/com.sybercare.healthcare E/RocheIndexGlucoseOrderListFragment: getMedicalOrderTasknohospitalnumtaskid:36347tasktype:0taskdescription:晚餐后taskintervalid:5
06-01 11:14:18.557 3682-3682/com.sybercare.healthcare E/com.sybercare.healthcare: [ (KLogLogStrategy.java:42)#E ] getMedicalOrderTasknohospitalnumtaskid:36393tasktype:0taskdescription:空腹taskintervalid:0
06-01 11:14:18.557 3682-3682/com.sybercare.healthcare E/RocheIndexGlucoseOrderListFragment: getMedicalOrderTasknohospitalnumtaskid:36393tasktype:0taskdescription:空腹taskintervalid:0
06-01 11:14:18.561 3682-3682/com.sybercare.healthcare E/com.sybercare.healthcare: [ (KLogLogStrategy.java:42)#E ] getMedicalOrderTasknohospitalnumtaskid:36394tasktype:0taskdescription:早餐后taskintervalid:1
06-01 11:14:18.561 3682-3682/com.sybercare.healthcare E/RocheIndexGlucoseOrderListFragment: getMedicalOrderTasknohospitalnumtaskid:36394tasktype:0taskdescription:早餐后taskintervalid:1
06-01 11:14:18.565 3682-3682/com.sybercare.healthcare E/com.sybercare.healthcare: [ (KLogLogStrategy.java:42)#E ] getMedicalOrderTasknohospitalnumtaskid:36395tasktype:0taskdescription:午餐前taskintervalid:2
06-01 11:14:18.565 3682-3682/com.sybercare.healthcare E/RocheIndexGlucoseOrderListFragment: getMedicalOrderTasknohospitalnumtaskid:36395tasktype:0taskdescription:午餐前taskintervalid:2
06-01 11:14:18.569 3682-3682/com.sybercare.healthcare E/com.sybercare.healthcare: [ (KLogLogStrategy.java:42)#E ] getMedicalOrderTasknohospitalnumtaskid:36396tasktype:0taskdescription:午餐后taskintervalid:3
06-01 11:14:18.569 3682-3682/com.sybercare.healthcare E/RocheIndexGlucoseOrderListFragment: getMedicalOrderTasknohospitalnumtaskid:36396tasktype:0taskdescription:午餐后taskintervalid:3
06-01 11:14:18.573 3682-3682/com.sybercare.healthcare E/com.sybercare.healthcare: [ (KLogLogStrategy.java:42)#E ] getMedicalOrderTasknohospitalnumtaskid:36397tasktype:0taskdescription:晚餐前taskintervalid:4
06-01 11:14:18.573 3682-3682/com.sybercare.healthcare E/RocheIndexGlucoseOrderListFragment: getMedicalOrderTasknohospitalnumtaskid:36397tasktype:0taskdescription:晚餐前taskintervalid:4
06-01 11:14:18.578 3682-3682/com.sybercare.healthcare E/com.sybercare.healthcare: [ (KLogLogStrategy.java:42)#E ] getMedicalOrderTasknohospitalnumtaskid:36398tasktype:0taskdescription:晚餐后taskintervalid:5
06-01 11:14:18.578 3682-3682/com.sybercare.healthcare E/RocheIndexGlucoseOrderListFragment: getMedicalOrderTasknohospitalnumtaskid:36398tasktype:0taskdescription:晚餐后taskintervalid:5
06-01 11:14:18.585 3682-3682/com.sybercare.healthcare E/com.sybercare.healthcare: [ (KLogLogStrategy.java:42)#E ] getMedicalOrderTasknohospitalnumtaskid:36399tasktype:0taskdescription:0点taskintervalid:7
06-01 11:14:18.585 3682-3682/com.sybercare.healthcare E/RocheIndexGlucoseOrderListFragment: getMedicalOrderTasknohospitalnumtaskid:36399tasktype:0taskdescription:0点taskintervalid:7
06-01 11:14:18.590 3682-3682/com.sybercare.healthcare E/com.sybercare.healthcare: [ (KLogLogStrategy.java:42)#E ] getMedicalOrderTasknohospitalnumtaskid:36400tasktype:0taskdescription:凌晨3点taskintervalid:9
06-01 11:14:18.590 3682-3682/com.sybercare.healthcare E/RocheIndexGlucoseOrderListFragment: getMedicalOrderTasknohospitalnumtaskid:36400tasktype:0taskdescription:凌晨3点taskintervalid:9
06-01 11:14:18.594 3682-3682/com.sybercare.healthcare E/com.sybercare.healthcare: [ (KLogLogStrategy.java:42)#E ] getMedicalOrderTasknohospitalnumtaskid:36365tasktype:0taskdescription:空腹taskintervalid:0
06-01 11:14:18.594 3682-3682/com.sybercare.healthcare E/RocheIndexGlucoseOrderListFragment: getMedicalOrderTasknohospitalnumtaskid:36365tasktype:0taskdescription:空腹taskintervalid:0
06-01 11:14:18.598 3682-3682/com.sybercare.healthcare E/com.sybercare.healthcare: [ (KLogLogStrategy.java:42)#E ] getMedicalOrderTasknohospitalnumtaskid:36366tasktype:0taskdescription:早餐后taskintervalid:1
06-01 11:14:18.598 3682-3682/com.sybercare.healthcare E/RocheIndexGlucoseOrderListFragment: getMedicalOrderTasknohospitalnumtaskid:36366tasktype:0taskdescription:早餐后taskintervalid:1
06-01 11:14:18.602 3682-3682/com.sybercare.healthcare E/com.sybercare.healthcare: [ (KLogLogStrategy.java:42)#E ] getMedicalOrderTasknohospitalnumtaskid:36367tasktype:0taskdescription:午餐前taskintervalid:2
06-01 11:14:18.602 3682-3682/com.sybercare.healthcare E/RocheIndexGlucoseOrderListFragment: getMedicalOrderTasknohospitalnumtaskid:36367tasktype:0taskdescription:午餐前taskintervalid:2
06-01 11:14:18.607 3682-3682/com.sybercare.healthcare E/com.sybercare.healthcare: [ (KLogLogStrategy.java:42)#E ] getMedicalOrderTasknohospitalnumtaskid:36368tasktype:0taskdescription:午餐后taskintervalid:3
06-01 11:14:18.607 3682-3682/com.sybercare.healthcare E/RocheIndexGlucoseOrderListFragment: getMedicalOrderTasknohospitalnumtaskid:36368tasktype:0taskdescription:午餐后taskintervalid:3
06-01 11:14:18.610 3682-3682/com.sybercare.healthcare E/com.sybercare.healthcare: [ (KLogLogStrategy.java:42)#E ] getMedicalOrderTasknohospitalnumtaskid:36369tasktype:0taskdescription:晚餐前taskintervalid:4
06-01 11:14:18.610 3682-3682/com.sybercare.healthcare E/RocheIndexGlucoseOrderListFragment: getMedicalOrderTasknohospitalnumtaskid:36369tasktype:0taskdescription:晚餐前taskintervalid:4
06-01 11:14:18.614 3682-3682/com.sybercare.healthcare E/com.sybercare.healthcare: [ (KLogLogStrategy.java:42)#E ] getMedicalOrderTasknohospitalnumtaskid:36370tasktype:0taskdescription:晚餐后taskintervalid:5
06-01 11:14:18.615 3682-3682/com.sybercare.healthcare E/RocheIndexGlucoseOrderListFragment: getMedicalOrderTasknohospitalnumtaskid:36370tasktype:0taskdescription:晚餐后taskintervalid:5
06-01 11:14:18.619 3682-3682/com.sybercare.healthcare E/com.sybercare.healthcare: [ (KLogLogStrategy.java:42)#E ] getMedicalOrderTasknohospitalnumtaskid:36349tasktype:0taskdescription:空腹taskintervalid:0
06-01 11:14:18.619 3682-3682/com.sybercare.healthcare E/RocheIndexGlucoseOrderListFragment: getMedicalOrderTasknohospitalnumtaskid:36349tasktype:0taskdescription:空腹taskintervalid:0
06-01 11:14:18.623 3682-3682/com.sybercare.healthcare E/com.sybercare.healthcare: [ (KLogLogStrategy.java:42)#E ] getMedicalOrderTasknohospitalnumtaskid:36350tasktype:0taskdescription:早餐后taskintervalid:1
06-01 11:14:18.623 3682-3682/com.sybercare.healthcare E/RocheIndexGlucoseOrderListFragment: getMedicalOrderTasknohospitalnumtaskid:36350tasktype:0taskdescription:早餐后taskintervalid:1
06-01 11:14:18.628 3682-3682/com.sybercare.healthcare E/com.sybercare.healthcare: [ (KLogLogStrategy.java:42)#E ] getMedicalOrderTasknohospitalnumtaskid:36351tasktype:0taskdescription:午餐前taskintervalid:2
06-01 11:14:18.628 3682-3682/com.sybercare.healthcare E/RocheIndexGlucoseOrderListFragment: getMedicalOrderTasknohospitalnumtaskid:36351tasktype:0taskdescription:午餐前taskintervalid:2
06-01 11:14:18.632 3682-3682/com.sybercare.healthcare E/com.sybercare.healthcare: [ (KLogLogStrategy.java:42)#E ] getMedicalOrderTasknohospitalnumtaskid:36352tasktype:0taskdescription:午餐后taskintervalid:3
06-01 11:14:18.632 3682-3682/com.sybercare.healthcare E/RocheIndexGlucoseOrderListFragment: getMedicalOrderTasknohospitalnumtaskid:36352tasktype:0taskdescription:午餐后taskintervalid:3
06-01 11:14:18.636 3682-3682/com.sybercare.healthcare E/com.sybercare.healthcare: [ (KLogLogStrategy.java:42)#E ] getMedicalOrderTasknohospitalnumtaskid:36353tasktype:0taskdescription:晚餐前taskintervalid:4
06-01 11:14:18.636 3682-3682/com.sybercare.healthcare E/RocheIndexGlucoseOrderListFragment: getMedicalOrderTasknohospitalnumtaskid:36353tasktype:0taskdescription:晚餐前taskintervalid:4
06-01 11:14:18.641 3682-3682/com.sybercare.healthcare E/com.sybercare.healthcare: [ (KLogLogStrategy.java:42)#E ] getMedicalOrderTasknohospitalnumtaskid:36354tasktype:0taskdescription:晚餐后taskintervalid:5
06-01 11:14:18.641 3682-3682/com.sybercare.healthcare E/RocheIndexGlucoseOrderListFragment: getMedicalOrderTasknohospitalnumtaskid:36354tasktype:0taskdescription:晚餐后taskintervalid:5
06-01 11:14:18.645 3682-3682/com.sybercare.healthcare E/com.sybercare.healthcare: [ (KLogLogStrategy.java:42)#E ] getMedicalOrderTasknohospitalnumtaskid:36431tasktype:0taskdescription:空腹taskintervalid:0
06-01 11:14:18.645 3682-3682/com.sybercare.healthcare E/RocheIndexGlucoseOrderListFragment: getMedicalOrderTasknohospitalnumtaskid:36431tasktype:0taskdescription:空腹taskintervalid:0
06-01 11:14:18.649 3682-3682/com.sybercare.healthcare E/com.sybercare.healthcare: [ (KLogLogStrategy.java:42)#E ] getMedicalOrderTasknohospitalnumtaskid:36432tasktype:0taskdescription:早餐后taskintervalid:1
06-01 11:14:18.649 3682-3682/com.sybercare.healthcare E/RocheIndexGlucoseOrderListFragment: getMedicalOrderTasknohospitalnumtaskid:36432tasktype:0taskdescription:早餐后taskintervalid:1
06-01 11:14:18.653 3682-3682/com.sybercare.healthcare E/com.sybercare.healthcare: [ (KLogLogStrategy.java:42)#E ] getMedicalOrderTasknohospitalnumtaskid:36433tasktype:0taskdescription:午餐前taskintervalid:2
06-01 11:14:18.653 3682-3682/com.sybercare.healthcare E/RocheIndexGlucoseOrderListFragment: getMedicalOrderTasknohospitalnumtaskid:36433tasktype:0taskdescription:午餐前taskintervalid:2
06-01 11:14:18.658 3682-3682/com.sybercare.healthcare E/com.sybercare.healthcare: [ (KLogLogStrategy.java:42)#E ] getMedicalOrderTasknohospitalnumtaskid:36434tasktype:0taskdescription:午餐后taskintervalid:3
06-01 11:14:18.658 3682-3682/com.sybercare.healthcare E/RocheIndexGlucoseOrderListFragment: getMedicalOrderTasknohospitalnumtaskid:36434tasktype:0taskdescription:午餐后taskintervalid:3
06-01 11:14:18.663 3682-3682/com.sybercare.healthcare E/com.sybercare.healthcare: [ (KLogLogStrategy.java:42)#E ] getMedicalOrderTasknohospitalnumtaskid:36435tasktype:0taskdescription:晚餐前taskintervalid:4
06-01 11:14:18.663 3682-3682/com.sybercare.healthcare E/RocheIndexGlucoseOrderListFragment: getMedicalOrderTasknohospitalnumtaskid:36435tasktype:0taskdescription:晚餐前taskintervalid:4
06-01 11:14:18.668 3682-3682/com.sybercare.healthcare E/com.sybercare.healthcare: [ (KLogLogStrategy.java:42)#E ] getMedicalOrderTasknohospitalnumtaskid:36436tasktype:0taskdescription:晚餐后taskintervalid:5
06-01 11:14:18.668 3682-3682/com.sybercare.healthcare E/RocheIndexGlucoseOrderListFragment: getMedicalOrderTasknohospitalnumtaskid:36436tasktype:0taskdescription:晚餐后taskintervalid:5
06-01 11:14:18.672 3682-3682/com.sybercare.healthcare E/com.sybercare.healthcare: [ (KLogLogStrategy.java:42)#E ] getMedicalOrderTasknohospitalnumtaskid:36379tasktype:0taskdescription:空腹taskintervalid:0
06-01 11:14:18.672 3682-3682/com.sybercare.healthcare E/RocheIndexGlucoseOrderListFragment: getMedicalOrderTasknohospitalnumtaskid:36379tasktype:0taskdescription:空腹taskintervalid:0
06-01 11:14:18.678 3682-3682/com.sybercare.healthcare E/com.sybercare.healthcare: [ (KLogLogStrategy.java:42)#E ] getMedicalOrderTasknohospitalnumtaskid:36380tasktype:0taskdescription:早餐后taskintervalid:1
06-01 11:14:18.678 3682-3682/com.sybercare.healthcare E/RocheIndexGlucoseOrderListFragment: getMedicalOrderTasknohospitalnumtaskid:36380tasktype:0taskdescription:早餐后taskintervalid:1
06-01 11:14:18.683 3682-3682/com.sybercare.healthcare E/com.sybercare.healthcare: [ (KLogLogStrategy.java:42)#E ] getMedicalOrderTasknohospitalnumtaskid:36381tasktype:0taskdescription:午餐前taskintervalid:2
06-01 11:14:18.683 3682-3682/com.sybercare.healthcare E/RocheIndexGlucoseOrderListFragment: getMedicalOrderTasknohospitalnumtaskid:36381tasktype:0taskdescription:午餐前taskintervalid:2
06-01 11:14:18.688 3682-3682/com.sybercare.healthcare E/com.sybercare.healthcare: [ (KLogLogStrategy.java:42)#E ] getMedicalOrderTasknohospitalnumtaskid:36382tasktype:0taskdescription:午餐后taskintervalid:3
06-01 11:14:18.688 3682-3682/com.sybercare.healthcare E/RocheIndexGlucoseOrderListFragment: getMedicalOrderTasknohospitalnumtaskid:36382tasktype:0taskdescription:午餐后taskintervalid:3
06-01 11:14:18.692 3682-3682/com.sybercare.healthcare E/com.sybercare.healthcare: [ (KLogLogStrategy.java:42)#E ] getMedicalOrderTasknohospitalnumtaskid:36383tasktype:0taskdescription:晚餐前taskintervalid:4
06-01 11:14:18.692 3682-3682/com.sybercare.healthcare E/RocheIndexGlucoseOrderListFragment: getMedicalOrderTasknohospitalnumtaskid:36383tasktype:0taskdescription:晚餐前taskintervalid:4
06-01 11:14:18.698 3682-3682/com.sybercare.healthcare E/com.sybercare.healthcare: [ (KLogLogStrategy.java:42)#E ] getMedicalOrderTasknohospitalnumtaskid:36384tasktype:0taskdescription:晚餐后taskintervalid:5
06-01 11:14:18.698 3682-3682/com.sybercare.healthcare E/RocheIndexGlucoseOrderListFragment: getMedicalOrderTasknohospitalnumtaskid:36384tasktype:0taskdescription:晚餐后taskintervalid:5
06-01 11:14:18.701 3682-3682/com.sybercare.healthcare E/com.sybercare.healthcare: [ (KLogLogStrategy.java:42)#E ] getMedicalOrderTasknohospitalnumtaskid:36510tasktype:0taskdescription:空腹taskintervalid:0
06-01 11:14:18.701 3682-3682/com.sybercare.healthcare E/RocheIndexGlucoseOrderListFragment: getMedicalOrderTasknohospitalnumtaskid:36510tasktype:0taskdescription:空腹taskintervalid:0
06-01 11:14:18.705 3682-3682/com.sybercare.healthcare E/com.sybercare.healthcare: [ (KLogLogStrategy.java:42)#E ] getMedicalOrderTasknohospitalnumtaskid:36511tasktype:0taskdescription:早餐后taskintervalid:1
06-01 11:14:18.705 3682-3682/com.sybercare.healthcare E/RocheIndexGlucoseOrderListFragment: getMedicalOrderTasknohospitalnumtaskid:36511tasktype:0taskdescription:早餐后taskintervalid:1
06-01 11:14:18.709 3682-3682/com.sybercare.healthcare E/com.sybercare.healthcare: [ (KLogLogStrategy.java:42)#E ] getMedicalOrderTasknohospitalnumtaskid:36512tasktype:0taskdescription:午餐前taskintervalid:2
06-01 11:14:18.709 3682-3682/com.sybercare.healthcare E/RocheIndexGlucoseOrderListFragment: getMedicalOrderTasknohospitalnumtaskid:36512tasktype:0taskdescription:午餐前taskintervalid:2
06-01 11:14:18.713 3682-3682/com.sybercare.healthcare E/com.sybercare.healthcare: [ (KLogLogStrategy.java:42)#E ] getMedicalOrderTasknohospitalnumtaskid:36513tasktype:0taskdescription:午餐后taskintervalid:3
06-01 11:14:18.713 3682-3682/com.sybercare.healthcare E/RocheIndexGlucoseOrderListFragment: getMedicalOrderTasknohospitalnumtaskid:36513tasktype:0taskdescription:午餐后taskintervalid:3
06-01 11:14:18.717 3682-3682/com.sybercare.healthcare E/com.sybercare.healthcare: [ (KLogLogStrategy.java:42)#E ] getMedicalOrderTasknohospitalnumtaskid:36514tasktype:0taskdescription:晚餐前taskintervalid:4
06-01 11:14:18.717 3682-3682/com.sybercare.healthcare E/RocheIndexGlucoseOrderListFragment: getMedicalOrderTasknohospitalnumtaskid:36514tasktype:0taskdescription:晚餐前taskintervalid:4
06-01 11:14:18.721 3682-3682/com.sybercare.healthcare E/com.sybercare.healthcare: [ (KLogLogStrategy.java:42)#E ] getMedicalOrderTasknohospitalnumtaskid:36515tasktype:0taskdescription:晚餐后taskintervalid:5
06-01 11:14:18.721 3682-3682/com.sybercare.healthcare E/RocheIndexGlucoseOrderListFragment: getMedicalOrderTasknohospitalnumtaskid:36515tasktype:0taskdescription:晚餐后taskintervalid:5
06-01 11:14:18.724 3682-3682/com.sybercare.healthcare E/com.sybercare.healthcare: [ (KLogLogStrategy.java:42)#E ] getMedicalOrderTasknohospitalnumtaskid:36426tasktype:0taskdescription:空腹taskintervalid:0
06-01 11:14:18.724 3682-3682/com.sybercare.healthcare E/RocheIndexGlucoseOrderListFragment: getMedicalOrderTasknohospitalnumtaskid:36426tasktype:0taskdescription:空腹taskintervalid:0
06-01 11:14:18.728 3682-3682/com.sybercare.healthcare E/com.sybercare.healthcare: [ (KLogLogStrategy.java:42)#E ] getMedicalOrderTasknohospitalnumtaskid:36427tasktype:0taskdescription:早餐后taskintervalid:1
06-01 11:14:18.728 3682-3682/com.sybercare.healthcare E/RocheIndexGlucoseOrderListFragment: getMedicalOrderTasknohospitalnumtaskid:36427tasktype:0taskdescription:早餐后taskintervalid:1
06-01 11:14:18.732 3682-3682/com.sybercare.healthcare E/com.sybercare.healthcare: [ (KLogLogStrategy.java:42)#E ] getMedicalOrderTasknohospitalnumtaskid:36428tasktype:0taskdescription:午餐后taskintervalid:3
06-01 11:14:18.732 3682-3682/com.sybercare.healthcare E/RocheIndexGlucoseOrderListFragment: getMedicalOrderTasknohospitalnumtaskid:36428tasktype:0taskdescription:午餐后taskintervalid:3
06-01 11:14:18.736 3682-3682/com.sybercare.healthcare E/com.sybercare.healthcare: [ (KLogLogStrategy.java:42)#E ] getMedicalOrderTasknohospitalnumtaskid:36429tasktype:0taskdescription:晚餐后taskintervalid:5
06-01 11:14:18.737 3682-3682/com.sybercare.healthcare E/RocheIndexGlucoseOrderListFragment: getMedicalOrderTasknohospitalnumtaskid:36429tasktype:0taskdescription:晚餐后taskintervalid:5
06-01 11:14:18.742 3682-3682/com.sybercare.healthcare E/com.sybercare.healthcare: [ (KLogLogStrategy.java:42)#E ] getMedicalOrderTasknohospitalnumtaskid:36298tasktype:0taskdescription:空腹taskintervalid:0
06-01 11:14:18.743 3682-3682/com.sybercare.healthcare E/RocheIndexGlucoseOrderListFragment: getMedicalOrderTasknohospitalnumtaskid:36298tasktype:0taskdescription:空腹taskintervalid:0
06-01 11:14:18.749 3682-3682/com.sybercare.healthcare E/com.sybercare.healthcare: [ (KLogLogStrategy.java:42)#E ] getMedicalOrderTasknohospitalnumtaskid:36299tasktype:0taskdescription:早餐后taskintervalid:1
06-01 11:14:18.749 3682-3682/com.sybercare.healthcare E/RocheIndexGlucoseOrderListFragment: getMedicalOrderTasknohospitalnumtaskid:36299tasktype:0taskdescription:早餐后taskintervalid:1
06-01 11:14:18.753 3682-3682/com.sybercare.healthcare E/com.sybercare.healthcare: [ (KLogLogStrategy.java:42)#E ] getMedicalOrderTasknohospitalnumtaskid:36300tasktype:0taskdescription:午餐前taskintervalid:2
06-01 11:14:18.753 3682-3682/com.sybercare.healthcare E/RocheIndexGlucoseOrderListFragment: getMedicalOrderTasknohospitalnumtaskid:36300tasktype:0taskdescription:午餐前taskintervalid:2
06-01 11:14:18.757 3682-3682/com.sybercare.healthcare E/com.sybercare.healthcare: [ (KLogLogStrategy.java:42)#E ] getMedicalOrderTasknohospitalnumtaskid:36301tasktype:0taskdescription:午餐后taskintervalid:3
06-01 11:14:18.757 3682-3682/com.sybercare.healthcare E/RocheIndexGlucoseOrderListFragment: getMedicalOrderTasknohospitalnumtaskid:36301tasktype:0taskdescription:午餐后taskintervalid:3
06-01 11:14:18.761 3682-3682/com.sybercare.healthcare E/com.sybercare.healthcare: [ (KLogLogStrategy.java:42)#E ] getMedicalOrderTasknohospitalnumtaskid:36302tasktype:0taskdescription:晚餐前taskintervalid:4
06-01 11:14:18.761 3682-3682/com.sybercare.healthcare E/RocheIndexGlucoseOrderListFragment: getMedicalOrderTasknohospitalnumtaskid:36302tasktype:0taskdescription:晚餐前taskintervalid:4
06-01 11:14:18.764 3682-3682/com.sybercare.healthcare E/com.sybercare.healthcare: [ (KLogLogStrategy.java:42)#E ] getMedicalOrderTasknohospitalnumtaskid:36303tasktype:0taskdescription:晚餐后taskintervalid:5
06-01 11:14:18.764 3682-3682/com.sybercare.healthcare E/RocheIndexGlucoseOrderListFragment: getMedicalOrderTasknohospitalnumtaskid:36303tasktype:0taskdescription:晚餐后taskintervalid:5
06-01 11:14:18.768 3682-3682/com.sybercare.healthcare E/com.sybercare.healthcare: [ (KLogLogStrategy.java:42)#E ] getMedicalOrderTasknohospitalnumtaskid:36489tasktype:0taskdescription:空腹taskintervalid:0
06-01 11:14:18.768 3682-3682/com.sybercare.healthcare E/RocheIndexGlucoseOrderListFragment: getMedicalOrderTasknohospitalnumtaskid:36489tasktype:0taskdescription:空腹taskintervalid:0
06-01 11:14:18.772 3682-3682/com.sybercare.healthcare E/com.sybercare.healthcare: [ (KLogLogStrategy.java:42)#E ] getMedicalOrderTasknohospitalnumtaskid:36490tasktype:0taskdescription:早餐后taskintervalid:1
06-01 11:14:18.772 3682-3682/com.sybercare.healthcare E/RocheIndexGlucoseOrderListFragment: getMedicalOrderTasknohospitalnumtaskid:36490tasktype:0taskdescription:早餐后taskintervalid:1
06-01 11:14:18.775 3682-3682/com.sybercare.healthcare E/com.sybercare.healthcare: [ (KLogLogStrategy.java:42)#E ] getMedicalOrderTasknohospitalnumtaskid:36491tasktype:0taskdescription:午餐前taskintervalid:2
06-01 11:14:18.775 3682-3682/com.sybercare.healthcare E/RocheIndexGlucoseOrderListFragment: getMedicalOrderTasknohospitalnumtaskid:36491tasktype:0taskdescription:午餐前taskintervalid:2
06-01 11:14:18.779 3682-3682/com.sybercare.healthcare E/com.sybercare.healthcare: [ (KLogLogStrategy.java:42)#E ] getMedicalOrderTasknohospitalnumtaskid:36492tasktype:0taskdescription:午餐后taskintervalid:3
06-01 11:14:18.779 3682-3682/com.sybercare.healthcare E/RocheIndexGlucoseOrderListFragment: getMedicalOrderTasknohospitalnumtaskid:36492tasktype:0taskdescription:午餐后taskintervalid:3
06-01 11:14:18.783 3682-3682/com.sybercare.healthcare E/com.sybercare.healthcare: [ (KLogLogStrategy.java:42)#E ] getMedicalOrderTasknohospitalnumtaskid:36493tasktype:0taskdescription:晚餐前taskintervalid:4
06-01 11:14:18.783 3682-3682/com.sybercare.healthcare E/RocheIndexGlucoseOrderListFragment: getMedicalOrderTasknohospitalnumtaskid:36493tasktype:0taskdescription:晚餐前taskintervalid:4
06-01 11:14:18.787 3682-3682/com.sybercare.healthcare E/com.sybercare.healthcare: [ (KLogLogStrategy.java:42)#E ] getMedicalOrderTasknohospitalnumtaskid:36494tasktype:0taskdescription:晚餐后taskintervalid:5
06-01 11:14:18.787 3682-3682/com.sybercare.healthcare E/RocheIndexGlucoseOrderListFragment: getMedicalOrderTasknohospitalnumtaskid:36494tasktype:0taskdescription:晚餐后taskintervalid:5
06-01 11:14:18.791 3682-3682/com.sybercare.healthcare E/com.sybercare.healthcare: [ (KLogLogStrategy.java:42)#E ] getMedicalOrderTasknohospitalnumtaskid:36457tasktype:0taskdescription:空腹taskintervalid:0
06-01 11:14:18.791 3682-3682/com.sybercare.healthcare E/RocheIndexGlucoseOrderListFragment: getMedicalOrderTasknohospitalnumtaskid:36457tasktype:0taskdescription:空腹taskintervalid:0
06-01 11:14:18.794 3682-3682/com.sybercare.healthcare E/com.sybercare.healthcare: [ (KLogLogStrategy.java:42)#E ] getMedicalOrderTasknohospitalnumtaskid:36458tasktype:0taskdescription:早餐后taskintervalid:1
06-01 11:14:18.794 3682-3682/com.sybercare.healthcare E/RocheIndexGlucoseOrderListFragment: getMedicalOrderTasknohospitalnumtaskid:36458tasktype:0taskdescription:早餐后taskintervalid:1
06-01 11:14:18.799 3682-3682/com.sybercare.healthcare E/com.sybercare.healthcare: [ (KLogLogStrategy.java:42)#E ] getMedicalOrderTasknohospitalnumtaskid:36459tasktype:0taskdescription:午餐前taskintervalid:2
06-01 11:14:18.799 3682-3682/com.sybercare.healthcare E/RocheIndexGlucoseOrderListFragment: getMedicalOrderTasknohospitalnumtaskid:36459tasktype:0taskdescription:午餐前taskintervalid:2
06-01 11:14:18.804 3682-3682/com.sybercare.healthcare E/com.sybercare.healthcare: [ (KLogLogStrategy.java:42)#E ] getMedicalOrderTasknohospitalnumtaskid:36460tasktype:0taskdescription:午餐后taskintervalid:3
06-01 11:14:18.804 3682-3682/com.sybercare.healthcare E/RocheIndexGlucoseOrderListFragment: getMedicalOrderTasknohospitalnumtaskid:36460tasktype:0taskdescription:午餐后taskintervalid:3
06-01 11:14:18.809 3682-3682/com.sybercare.healthcare E/com.sybercare.healthcare: [ (KLogLogStrategy.java:42)#E ] getMedicalOrderTasknohospitalnumtaskid:36461tasktype:0taskdescription:晚餐前taskintervalid:4
06-01 11:14:18.809 3682-3682/com.sybercare.healthcare E/RocheIndexGlucoseOrderListFragment: getMedicalOrderTasknohospitalnumtaskid:36461tasktype:0taskdescription:晚餐前taskintervalid:4
06-01 11:14:18.814 3682-3682/com.sybercare.healthcare E/com.sybercare.healthcare: [ (KLogLogStrategy.java:42)#E ] getMedicalOrderTasknohospitalnumtaskid:36462tasktype:0taskdescription:晚餐后taskintervalid:5
06-01 11:14:18.814 3682-3682/com.sybercare.healthcare E/RocheIndexGlucoseOrderListFragment: getMedicalOrderTasknohospitalnumtaskid:36462tasktype:0taskdescription:晚餐后taskintervalid:5
06-01 11:14:18.819 3682-3682/com.sybercare.healthcare E/com.sybercare.healthcare: [ (KLogLogStrategy.java:42)#E ] getMedicalOrderTasknohospitalnumtaskid:36445tasktype:0taskdescription:空腹taskintervalid:0
06-01 11:14:18.819 3682-3682/com.sybercare.healthcare E/RocheIndexGlucoseOrderListFragment: getMedicalOrderTasknohospitalnumtaskid:36445tasktype:0taskdescription:空腹taskintervalid:0
06-01 11:14:18.824 3682-3682/com.sybercare.healthcare E/com.sybercare.healthcare: [ (KLogLogStrategy.java:42)#E ] getMedicalOrderTasknohospitalnumtaskid:36446tasktype:0taskdescription:早餐后taskintervalid:1
06-01 11:14:18.824 3682-3682/com.sybercare.healthcare E/RocheIndexGlucoseOrderListFragment: getMedicalOrderTasknohospitalnumtaskid:36446tasktype:0taskdescription:早餐后taskintervalid:1
06-01 11:14:18.829 3682-3682/com.sybercare.healthcare E/com.sybercare.healthcare: [ (KLogLogStrategy.java:42)#E ] getMedicalOrderTasknohospitalnumtaskid:36447tasktype:0taskdescription:午餐前taskintervalid:2
06-01 11:14:18.829 3682-3682/com.sybercare.healthcare E/RocheIndexGlucoseOrderListFragment: getMedicalOrderTasknohospitalnumtaskid:36447tasktype:0taskdescription:午餐前taskintervalid:2
06-01 11:14:18.834 3682-3682/com.sybercare.healthcare E/com.sybercare.healthcare: [ (KLogLogStrategy.java:42)#E ] getMedicalOrderTasknohospitalnumtaskid:36448tasktype:0taskdescription:午餐后taskintervalid:3
06-01 11:14:18.834 3682-3682/com.sybercare.healthcare E/RocheIndexGlucoseOrderListFragment: getMedicalOrderTasknohospitalnumtaskid:36448tasktype:0taskdescription:午餐后taskintervalid:3
06-01 11:14:18.839 3682-3682/com.sybercare.healthcare E/com.sybercare.healthcare: [ (KLogLogStrategy.java:42)#E ] getMedicalOrderTasknohospitalnumtaskid:36449tasktype:0taskdescription:晚餐前taskintervalid:4
06-01 11:14:18.839 3682-3682/com.sybercare.healthcare E/RocheIndexGlucoseOrderListFragment: getMedicalOrderTasknohospitalnumtaskid:36449tasktype:0taskdescription:晚餐前taskintervalid:4
06-01 11:14:18.844 3682-3682/com.sybercare.healthcare E/com.sybercare.healthcare: [ (KLogLogStrategy.java:42)#E ] getMedicalOrderTasknohospitalnumtaskid:36450tasktype:0taskdescription:晚餐后taskintervalid:5
06-01 11:14:18.844 3682-3682/com.sybercare.healthcare E/RocheIndexGlucoseOrderListFragment: getMedicalOrderTasknohospitalnumtaskid:36450tasktype:0taskdescription:晚餐后taskintervalid:5
06-01 11:14:18.849 3682-3682/com.sybercare.healthcare E/com.sybercare.healthcare: [ (KLogLogStrategy.java:42)#E ] getMedicalOrderTasknohospitalnumtaskid:36414tasktype:0taskdescription:空腹taskintervalid:0
06-01 11:14:18.849 3682-3682/com.sybercare.healthcare E/RocheIndexGlucoseOrderListFragment: getMedicalOrderTasknohospitalnumtaskid:36414tasktype:0taskdescription:空腹taskintervalid:0
06-01 11:14:18.854 3682-3682/com.sybercare.healthcare E/com.sybercare.healthcare: [ (KLogLogStrategy.java:42)#E ] getMedicalOrderTasknohospitalnumtaskid:36415tasktype:0taskdescription:早餐后taskintervalid:1
06-01 11:14:18.854 3682-3682/com.sybercare.healthcare E/RocheIndexGlucoseOrderListFragment: getMedicalOrderTasknohospitalnumtaskid:36415tasktype:0taskdescription:早餐后taskintervalid:1
06-01 11:14:18.859 3682-3682/com.sybercare.healthcare E/com.sybercare.healthcare: [ (KLogLogStrategy.java:42)#E ] getMedicalOrderTasknohospitalnumtaskid:36416tasktype:0taskdescription:午餐前taskintervalid:2
06-01 11:14:18.859 3682-3682/com.sybercare.healthcare E/RocheIndexGlucoseOrderListFragment: getMedicalOrderTasknohospitalnumtaskid:36416tasktype:0taskdescription:午餐前taskintervalid:2
06-01 11:14:18.864 3682-3682/com.sybercare.healthcare E/com.sybercare.healthcare: [ (KLogLogStrategy.java:42)#E ] getMedicalOrderTasknohospitalnumtaskid:36417tasktype:0taskdescription:午餐后taskintervalid:3
06-01 11:14:18.864 3682-3682/com.sybercare.healthcare E/RocheIndexGlucoseOrderListFragment: getMedicalOrderTasknohospitalnumtaskid:36417tasktype:0taskdescription:午餐后taskintervalid:3
06-01 11:14:18.869 3682-3682/com.sybercare.healthcare E/com.sybercare.healthcare: [ (KLogLogStrategy.java:42)#E ] getMedicalOrderTasknohospitalnumtaskid:36418tasktype:0taskdescription:晚餐前taskintervalid:4
06-01 11:14:18.869 3682-3682/com.sybercare.healthcare E/RocheIndexGlucoseOrderListFragment: getMedicalOrderTasknohospitalnumtaskid:36418tasktype:0taskdescription:晚餐前taskintervalid:4
06-01 11:14:18.874 3682-3682/com.sybercare.healthcare E/com.sybercare.healthcare: [ (KLogLogStrategy.java:42)#E ] getMedicalOrderTasknohospitalnumtaskid:36419tasktype:0taskdescription:晚餐后taskintervalid:5
06-01 11:14:18.874 3682-3682/com.sybercare.healthcare E/RocheIndexGlucoseOrderListFragment: getMedicalOrderTasknohospitalnumtaskid:36419tasktype:0taskdescription:晚餐后taskintervalid:5
06-01 11:14:18.880 3682-3682/com.sybercare.healthcare E/com.sybercare.healthcare: [ (KLogLogStrategy.java:42)#E ] getMedicalOrderTasknohospitalnumtaskid:36314tasktype:0taskdescription:空腹taskintervalid:0
06-01 11:14:18.880 3682-3682/com.sybercare.healthcare E/RocheIndexGlucoseOrderListFragment: getMedicalOrderTasknohospitalnumtaskid:36314tasktype:0taskdescription:空腹taskintervalid:0
06-01 11:14:18.885 3682-3682/com.sybercare.healthcare E/com.sybercare.healthcare: [ (KLogLogStrategy.java:42)#E ] getMedicalOrderTasknohospitalnumtaskid:36315tasktype:0taskdescription:早餐后taskintervalid:1
06-01 11:14:18.885 3682-3682/com.sybercare.healthcare E/RocheIndexGlucoseOrderListFragment: getMedicalOrderTasknohospitalnumtaskid:36315tasktype:0taskdescription:早餐后taskintervalid:1
06-01 11:14:18.890 3682-3682/com.sybercare.healthcare E/com.sybercare.healthcare: [ (KLogLogStrategy.java:42)#E ] getMedicalOrderTasknohospitalnumtaskid:36316tasktype:0taskdescription:午餐前taskintervalid:2
06-01 11:14:18.890 3682-3682/com.sybercare.healthcare E/RocheIndexGlucoseOrderListFragment: getMedicalOrderTasknohospitalnumtaskid:36316tasktype:0taskdescription:午餐前taskintervalid:2
06-01 11:14:18.895 3682-3682/com.sybercare.healthcare E/com.sybercare.healthcare: [ (KLogLogStrategy.java:42)#E ] getMedicalOrderTasknohospitalnumtaskid:36317tasktype:0taskdescription:午餐后taskintervalid:3
06-01 11:14:18.895 3682-3682/com.sybercare.healthcare E/RocheIndexGlucoseOrderListFragment: getMedicalOrderTasknohospitalnumtaskid:36317tasktype:0taskdescription:午餐后taskintervalid:3
06-01 11:14:18.902 3682-3682/com.sybercare.healthcare E/com.sybercare.healthcare: [ (KLogLogStrategy.java:42)#E ] getMedicalOrderTasknohospitalnumtaskid:36318tasktype:0taskdescription:晚餐前taskintervalid:4
06-01 11:14:18.902 3682-3682/com.sybercare.healthcare E/RocheIndexGlucoseOrderListFragment: getMedicalOrderTasknohospitalnumtaskid:36318tasktype:0taskdescription:晚餐前taskintervalid:4
06-01 11:14:18.910 3682-3682/com.sybercare.healthcare E/com.sybercare.healthcare: [ (KLogLogStrategy.java:42)#E ] getMedicalOrderTasknohospitalnumtaskid:36319tasktype:0taskdescription:晚餐后taskintervalid:5
06-01 11:14:18.910 3682-3682/com.sybercare.healthcare E/RocheIndexGlucoseOrderListFragment: getMedicalOrderTasknohospitalnumtaskid:36319tasktype:0taskdescription:晚餐后taskintervalid:5
06-01 11:14:18.921 3682-3682/com.sybercare.healthcare E/com.sybercare.healthcare: [ (KLogLogStrategy.java:42)#E ] getMedicalOrderTasknohospitalnumtaskid:36402tasktype:0taskdescription:空??taskintervalid:0
06-01 11:14:18.921 3682-3682/com.sybercare.healthcare E/RocheIndexGlucoseOrderListFragment: getMedicalOrderTasknohospitalnumtaskid:36402tasktype:0taskdescription:空腹taskintervalid:0
06-01 11:14:18.938 3682-3682/com.sybercare.healthcare E/com.sybercare.healthcare: [ (KLogLogStrategy.java:42)#E ] getMedicalOrderTasknohospitalnumtaskid:36403tasktype:0taskdescription:早餐后taskintervalid:1
06-01 11:14:18.938 3682-3682/com.sybercare.healthcare E/RocheIndexGlucoseOrderListFragment: getMedicalOrderTasknohospitalnumtaskid:36403tasktype:0taskdescription:早餐后taskintervalid:1
06-01 11:14:18.945 3682-3682/com.sybercare.healthcare E/com.sybercare.healthcare: [ (KLogLogStrategy.java:42)#E ] getMedicalOrderTasknohospitalnumtaskid:36404tasktype:0taskdescription:午餐后taskintervalid:3
06-01 11:14:18.945 3682-3682/com.sybercare.healthcare E/RocheIndexGlucoseOrderListFragment: getMedicalOrderTasknohospitalnumtaskid:36404tasktype:0taskdescription:午餐后taskintervalid:3
06-01 11:14:18.951 3682-3682/com.sybercare.healthcare E/com.sybercare.healthcare: [ (KLogLogStrategy.java:42)#E ] getMedicalOrderTasknohospitalnumtaskid:36405tasktype:0taskdescription:晚餐后taskintervalid:5
06-01 11:14:18.951 3682-3682/com.sybercare.healthcare E/RocheIndexGlucoseOrderListFragment: getMedicalOrderTasknohospitalnumtaskid:36405tasktype:0taskdescription:晚餐后taskintervalid:5
06-01 11:14:18.955 3682-3682/com.sybercare.healthcare E/com.sybercare.healthcare: [ (KLogLogStrategy.java:42)#E ] getMedicalOrderTasknohospitalnumtaskid:36386tasktype:0taskdescription:空腹taskintervalid:0
06-01 11:14:18.955 3682-3682/com.sybercare.healthcare E/RocheIndexGlucoseOrderListFragment: getMedicalOrderTasknohospitalnumtaskid:36386tasktype:0taskdescription:空腹taskintervalid:0
06-01 11:14:18.959 3682-3682/com.sybercare.healthcare E/com.sybercare.healthcare: [ (KLogLogStrategy.java:42)#E ] getMedicalOrderTasknohospitalnumtaskid:36387tasktype:0taskdescription:早餐后taskintervalid:1
06-01 11:14:18.959 3682-3682/com.sybercare.healthcare E/RocheIndexGlucoseOrderListFragment: getMedicalOrderTasknohospitalnumtaskid:36387tasktype:0taskdescription:早餐后taskintervalid:1
06-01 11:14:18.964 3682-3682/com.sybercare.healthcare E/com.sybercare.healthcare: [ (KLogLogStrategy.java:42)#E ] getMedicalOrderTasknohospitalnumtaskid:36388tasktype:0taskdescription:午餐前taskintervalid:2
06-01 11:14:18.964 3682-3682/com.sybercare.healthcare E/RocheIndexGlucoseOrderListFragment: getMedicalOrderTasknohospitalnumtaskid:36388tasktype:0taskdescription:午餐前taskintervalid:2
06-01 11:14:18.968 3682-3682/com.sybercare.healthcare E/com.sybercare.healthcare: [ (KLogLogStrategy.java:42)#E ] getMedicalOrderTasknohospitalnumtaskid:36389tasktype:0taskdescription:午餐后taskintervalid:3
06-01 11:14:18.968 3682-3682/com.sybercare.healthcare E/RocheIndexGlucoseOrderListFragment: getMedicalOrderTasknohospitalnumtaskid:36389tasktype:0taskdescription:午餐后taskintervalid:3
06-01 11:14:18.972 3682-3682/com.sybercare.healthcare E/com.sybercare.healthcare: [ (KLogLogStrategy.java:42)#E ] getMedicalOrderTasknohospitalnumtaskid:36390tasktype:0taskdescription:晚餐前taskintervalid:4
06-01 11:14:18.972 3682-3682/com.sybercare.healthcare E/RocheIndexGlucoseOrderListFragment: getMedicalOrderTasknohospitalnumtaskid:36390tasktype:0taskdescription:晚餐前taskintervalid:4
06-01 11:14:18.976 3682-3682/com.sybercare.healthcare E/com.sybercare.healthcare: [ (KLogLogStrategy.java:42)#E ] getMedicalOrderTasknohospitalnumtaskid:36391tasktype:0taskdescription:晚餐后taskintervalid:5
06-01 11:14:18.976 3682-3682/com.sybercare.healthcare E/RocheIndexGlucoseOrderListFragment: getMedicalOrderTasknohospitalnumtaskid:36391tasktype:0taskdescription:晚餐后taskintervalid:5
06-01 11:14:19.004 3682-4520/com.sybercare.healthcare E/SybercareBusinessData: GlucoseHistoryDataHandler saveData begin SYNC
06-01 11:14:19.004 3682-3682/com.sybercare.healthcare E/com.sybercare.healthcare: [ (KLogLogStrategy.java:42)#E ] sync GlucoseHistoryData success:1527822859004
06-01 11:14:19.004 3682-3682/com.sybercare.healthcare E/SybercareSyncData: sync GlucoseHistoryData success:1527822859004
06-01 11:14:19.005 3682-4520/com.sybercare.healthcare E/SybercareBusinessData: GlucoseHistoryDataHandler saveData end cost 0SYNC
06-01 11:14:19.008 3682-3682/com.sybercare.healthcare E/com.sybercare.healthcare: [ (KLogLogStrategy.java:42)#E ] checkOtherDataSyncResult
06-01 11:14:19.008 3682-3682/com.sybercare.healthcare E/SybercareSyncData: checkOtherDataSyncResult
06-01 11:14:19.011 3682-4519/com.sybercare.healthcare E/SybercareBusinessData: GlucoseProcessedHistoryDataHandler saveData begin SYNC
06-01 11:14:19.012 3682-3682/com.sybercare.healthcare E/com.sybercare.healthcare: [ (KLogLogStrategy.java:42)#E ] sync GlucoseProcessedHistoryData success:1527822859011
06-01 11:14:19.012 3682-3682/com.sybercare.healthcare E/SybercareSyncData: sync GlucoseProcessedHistoryData success:1527822859011
06-01 11:14:19.016 3682-3682/com.sybercare.healthcare E/com.sybercare.healthcare: [ (KLogLogStrategy.java:42)#E ] checkOtherDataSyncResult
06-01 11:14:19.016 3682-3682/com.sybercare.healthcare E/SybercareSyncData: checkOtherDataSyncResult
06-01 11:14:19.020 3682-4517/com.sybercare.healthcare E/SybercareBusinessData: GlucoseHistoryDataHandler saveData begin SYNC
06-01 11:14:19.020 3682-3682/com.sybercare.healthcare E/com.sybercare.healthcare: [ (KLogLogStrategy.java:42)#E ] sync GlucoseHistoryData success:1527822859020
06-01 11:14:19.020 3682-3682/com.sybercare.healthcare E/SybercareSyncData: sync GlucoseHistoryData success:1527822859020
