06-01 11:14:19.046 3682-3682/com.sybercare.healthcare E/com.sybercare.healthcare: [ (KLogLogStrategy.java:42)#E ] checkOtherDataSyncResult
06-01 11:14:19.046 3682-3682/com.sybercare.healthcare E/SybercareSyncData: checkOtherDataSyncResult
06-01 11:14:19.051 3682-4522/com.sybercare.healthcare E/SybercareBusinessData: GlucoseProcessedHistoryDataHandler saveData begin SYNC
06-01 11:14:19.051 3682-3682/com.sybercare.healthcare E/com.sybercare.healthcare: [ (KLogLogStrategy.java:42)#E ] sync GlucoseProcessedHistoryData success:1527822859051
06-01 11:14:19.051 3682-3682/com.sybercare.healthcare E/SybercareSyncData: sync GlucoseProcessedHistoryData success:1527822859051
06-01 11:14:19.054 3682-4517/com.sybercare.healthcare E/SybercareBusinessData: GlucoseHistoryDataHandler saveData end cost 34SYNC
06-01 11:14:19.060 3682-4519/com.sybercare.healthcare E/SybercareBusinessData: GlucoseProcessedHistoryDataHandler saveData end cost 49SYNC
06-01 11:14:19.066 3682-3682/com.sybercare.healthcare E/com.sybercare.healthcare: [ (KLogLogStrategy.java:42)#E ] checkOtherDataSyncResult
06-01 11:14:19.066 3682-3682/com.sybercare.healthcare E/SybercareSyncData: checkOtherDataSyncResult
06-01 11:14:19.066 3682-4522/com.sybercare.healthcare E/SybercareBusinessData: GlucoseProcessedHistoryDataHandler saveData end cost 15SYNC
06-01 11:14:19.070 3682-4520/com.sybercare.healthcare E/SybercareBusinessData: MedicalSchemeDataHandler saveData begin SYNC
06-01 11:14:19.070 3682-3682/com.sybercare.healthcare E/com.sybercare.healthcare: [ (KLogLogStrategy.java:42)#E ] checkOtherDataSyncResult
06-01 11:14:19.070 3682-3682/com.sybercare.healthcare E/SybercareSyncData: checkOtherDataSyncResult
06-01 11:14:19.070 3682-4520/com.sybercare.healthcare E/SybercareBusinessData: MedicalSchemeDataHandler saveData end cost 0SYNC
06-01 11:14:19.074 3682-3682/com.sybercare.healthcare E/com.sybercare.healthcare: [ (KLogLogStrategy.java:42)#E ] syncMedicalSchemeData current success:1527822859074
06-01 11:14:19.074 3682-3682/com.sybercare.healthcare E/SybercareSyncData: syncMedicalSchemeData current success:1527822859074
06-01 11:14:19.078 3682-4517/com.sybercare.healthcare E/SybercareBusinessData: MedicalSchemeDataHandler saveData begin SYNC
06-01 11:14:19.078 3682-3682/com.sybercare.healthcare E/com.sybercare.healthcare: [ (KLogLogStrategy.java:42)#E ] syncMedicalSchemeData history success:1527822859078
06-01 11:14:19.078 3682-3682/com.sybercare.healthcare E/SybercareSyncData: syncMedicalSchemeData history success:1527822859078
06-01 11:14:19.078 3682-4517/com.sybercare.healthcare E/SybercareBusinessData: MedicalSchemeDataHandler saveData end cost 0SYNC
06-01 11:14:19.088 3682-3682/com.sybercare.healthcare E/com.sybercare.healthcare: [ (KLogLogStrategy.java:42)#E ] checkOtherDataSyncResult
06-01 11:14:19.088 3682-3682/com.sybercare.healthcare E/SybercareSyncData: checkOtherDataSyncResult
06-01 11:14:19.092 3682-4519/com.sybercare.healthcare E/SybercareBusinessData: PressureHistoryDataHandler saveData begin SYNC
06-01 11:14:19.092 3682-3682/com.sybercare.healthcare E/com.sybercare.healthcare: [ (KLogLogStrategy.java:42)#E ] syncTemperatureHistoryData success:1527822859092
06-01 11:14:19.092 3682-3682/com.sybercare.healthcare E/SybercareSyncData: syncTemperatureHistoryData success:1527822859092
06-01 11:14:19.093 3682-4519/com.sybercare.healthcare E/SybercareBusinessData: PressureHistoryDataHandler saveData end cost 1SYNC
06-01 11:14:19.097 3682-3682/com.sybercare.healthcare E/com.sybercare.healthcare: [ (KLogLogStrategy.java:42)#E ] checkOtherDataSyncResult
06-01 11:14:19.097 3682-3682/com.sybercare.healthcare E/SybercareSyncData: checkOtherDataSyncResult
06-01 11:14:19.101 3682-4522/com.sybercare.healthcare E/SybercareBusinessData: PressureHistoryDataHandler saveData begin SYNC
06-01 11:14:19.102 3682-3682/com.sybercare.healthcare E/com.sybercare.healthcare: [ (KLogLogStrategy.java:42)#E ] syncPressureHistoryData success:1527822859101
06-01 11:14:19.102 3682-3682/com.sybercare.healthcare E/SybercareSyncData: syncPressureHistoryData success:1527822859101
06-01 11:14:19.102 3682-4522/com.sybercare.healthcare E/SybercareBusinessData: PressureHistoryDataHandler saveData end cost 1SYNC
06-01 11:14:19.106 3682-3682/com.sybercare.healthcare E/com.sybercare.healthcare: [ (KLogLogStrategy.java:42)#E ] checkOtherDataSyncResult
06-01 11:14:19.106 3682-3682/com.sybercare.healthcare E/SybercareSyncData: checkOtherDataSyncResult
06-01 11:14:19.110 3682-4520/com.sybercare.healthcare E/SybercareBusinessData: PressureHistoryDataHandler saveData begin SYNC
06-01 11:14:19.111 3682-3682/com.sybercare.healthcare E/com.sybercare.healthcare: [ (KLogLogStrategy.java:42)#E ] syncPressureHistoryData success:1527822859110
06-01 11:14:19.111 3682-3682/com.sybercare.healthcare E/SybercareSyncData: syncPressureHistoryData success:1527822859110
06-01 11:14:19.111 3682-4520/com.sybercare.healthcare E/SybercareBusinessData: PressureHistoryDataHandler saveData end cost 1SYNC
06-01 11:14:19.124 3682-3682/com.sybercare.healthcare E/com.sybercare.healthcare: [ (KLogLogStrategy.java:42)#E ] checkOtherDataSyncResult
06-01 11:14:19.124 3682-3682/com.sybercare.healthcare E/SybercareSyncData: checkOtherDataSyncResult
06-01 11:14:19.128 3682-4517/com.sybercare.healthcare E/SybercareBusinessData: PressureHistoryDataHandler saveData begin SYNC
06-01 11:14:19.128 3682-3682/com.sybercare.healthcare E/com.sybercare.healthcare: [ (KLogLogStrategy.java:42)#E ] syncTemperatureHistoryData success:1527822859128
06-01 11:14:19.128 3682-3682/com.sybercare.healthcare E/SybercareSyncData: syncTemperatureHistoryData success:1527822859128
06-01 11:14:19.128 3682-4517/com.sybercare.healthcare E/SybercareBusinessData: PressureHistoryDataHandler saveData end cost 0SYNC
06-01 11:14:19.139 3682-3682/com.sybercare.healthcare E/com.sybercare.healthcare: [ (KLogLogStrategy.java:42)#E ] checkOtherDataSyncResult
06-01 11:14:19.139 3682-3682/com.sybercare.healthcare E/SybercareSyncData: checkOtherDataSyncResult
06-01 11:14:19.144 3682-4519/com.sybercare.healthcare E/SybercareBusinessData: PressureProcessedHistoryDataHandler saveData begin SYNC
06-01 11:14:19.145 3682-3682/com.sybercare.healthcare E/com.sybercare.healthcare: [ (KLogLogStrategy.java:42)#E ] sync PressureProcessedHistoryData success:1527822859144
06-01 11:14:19.145 3682-4519/com.sybercare.healthcare E/SybercareBusinessData: PressureProcessedHistoryDataHandler saveData end cost 1SYNC
06-01 11:14:19.145 3682-3682/com.sybercare.healthcare E/SybercareSyncData: sync PressureProcessedHistoryData success:1527822859144
06-01 11:14:19.150 3682-3682/com.sybercare.healthcare E/com.sybercare.healthcare: [ (KLogLogStrategy.java:42)#E ] checkOtherDataSyncResult
06-01 11:14:19.150 3682-3682/com.sybercare.healthcare E/SybercareSyncData: checkOtherDataSyncResult
06-01 11:14:19.157 3682-4522/com.sybercare.healthcare E/SybercareBusinessData: TemperatureProcessedHistoryDataHandler saveData begin SYNC
06-01 11:14:19.157 3682-3682/com.sybercare.healthcare E/com.sybercare.healthcare: [ (KLogLogStrategy.java:42)#E ] sync TemperatureProcessedHistoryData success:1527822859156
06-01 11:14:19.157 3682-3682/com.sybercare.healthcare E/SybercareSyncData: sync TemperatureProcessedHistoryData success:1527822859156
06-01 11:14:19.159 3682-4522/com.sybercare.healthcare E/SybercareBusinessData: TemperatureProcessedHistoryDataHandler saveData end cost 2SYNC
06-01 11:14:19.165 3682-3682/com.sybercare.healthcare E/com.sybercare.healthcare: [ (KLogLogStrategy.java:42)#E ] checkOtherDataSyncResult
06-01 11:14:19.165 3682-3682/com.sybercare.healthcare E/SybercareSyncData: checkOtherDataSyncResult
06-01 11:14:19.170 3682-4520/com.sybercare.healthcare E/SybercareBusinessData: PressureProcessedHistoryDataHandler saveData begin SYNC
06-01 11:14:19.170 3682-3682/com.sybercare.healthcare E/com.sybercare.healthcare: [ (KLogLogStrategy.java:42)#E ] sync PressureProcessedHistoryData2 success:1527822859170
06-01 11:14:19.170 3682-3682/com.sybercare.healthcare E/SybercareSyncData: sync PressureProcessedHistoryData2 success:1527822859170
06-01 11:14:19.171 3682-4520/com.sybercare.healthcare E/SybercareBusinessData: PressureProcessedHistoryDataHandler saveData end cost 1SYNC
06-01 11:14:19.187 3682-3682/com.sybercare.healthcare E/com.sybercare.healthcare: [ (KLogLogStrategy.java:42)#E ] checkOtherDataSyncResult
06-01 11:14:19.187 3682-3682/com.sybercare.healthcare E/SybercareSyncData: checkOtherDataSyncResult
06-01 11:14:19.193 3682-3682/com.sybercare.healthcare E/com.sybercare.healthcare: [ (KLogLogStrategy.java:42)#E ] sync TemperatureProcessedHistoryData success:1527822859192
06-01 11:14:19.193 3682-3682/com.sybercare.healthcare E/SybercareSyncData: sync TemperatureProcessedHistoryData success:1527822859192
06-01 11:14:19.197 3682-4517/com.sybercare.healthcare E/SybercareBusinessData: TemperatureProcessedHistoryDataHandler saveData begin SYNC
06-01 11:14:19.198 3682-4517/com.sybercare.healthcare E/SybercareBusinessData: TemperatureProcessedHistoryDataHandler saveData end cost 0SYNC
06-01 11:14:19.206 3682-3682/com.sybercare.healthcare E/com.sybercare.healthcare: [ (KLogLogStrategy.java:42)#E ] checkOtherDataSyncResult
06-01 11:14:19.206 3682-3682/com.sybercare.healthcare E/SybercareSyncData: checkOtherDataSyncResult
06-01 11:14:19.212 3682-4519/com.sybercare.healthcare E/SybercareBusinessData: PatientDetailDataHandler removedata begin SYNC
06-01 11:14:19.213 3682-3682/com.sybercare.healthcare E/com.sybercare.healthcare: [ (KLogLogStrategy.java:42)#E ] syncPatientsDetailData success:1527822859212
06-01 11:14:19.213 3682-3682/com.sybercare.healthcare E/SybercareSyncData: syncPatientsDetailData success:1527822859212
06-01 11:14:19.234 3682-4519/com.sybercare.healthcare E/SybercareBusinessData: PatientDetailDataHandler removedata end cost 22SYNC
    PatientDetailDataHandler saveData beginSYNC
06-01 11:14:19.257 3682-3682/com.sybercare.healthcare E/com.sybercare.healthcare: [ (KLogLogStrategy.java:42)#E ] checkOtherDataSyncResult
06-01 11:14:19.257 3682-3682/com.sybercare.healthcare E/SybercareSyncData: checkOtherDataSyncResult
06-01 11:14:19.261 3682-3682/com.sybercare.healthcare E/com.sybercare.healthcare: [ (KLogLogStrategy.java:42)#E ] resetSyncState
06-01 11:14:19.261 3682-3682/com.sybercare.healthcare E/SybercareSyncData: resetSyncState
06-01 11:14:19.265 3682-3682/com.sybercare.healthcare E/com.sybercare.healthcare: [ (KLogLogStrategy.java:42)#E ] updateSyncOtherDataUI mOtherDataSyncFinish:true
06-01 11:14:19.265 3682-3682/com.sybercare.healthcare E/SybercareSyncData: updateSyncOtherDataUI mOtherDataSyncFinish:true
06-01 11:14:19.273 3682-3682/com.sybercare.healthcare E/com.sybercare.healthcare: [ (KLogLogStrategy.java:42)#E ] BROADCAST_SYNC_DATA_RESULT true
06-01 11:14:19.273 3682-3682/com.sybercare.healthcare E/IndexActivity: BROADCAST_SYNC_DATA_RESULT true
06-01 11:14:19.277 3682-3682/com.sybercare.healthcare E/com.sybercare.healthcare: [ (KLogLogStrategy.java:42)#E ] EXTRA_SYNC_ALLDATA_RESULT true
06-01 11:14:19.277 3682-3682/com.sybercare.healthcare E/IndexActivity: EXTRA_SYNC_ALLDATA_RESULT true
06-01 11:14:19.295 3682-4519/com.sybercare.healthcare E/SybercareBusinessData: PatientDetailDataHandler saveData end cost 61SYNC
06-01 11:14:19.449 899-899/? E/WifiTrafficPoller: TRAFFIC_STATS_POLL true Token 26 num clients 7
     packet count Tx=627 Rx=559
06-01 11:14:19.579 899-1204/? E/WifiStateMachine:  ConnectedState (when=-2ms what=131155 arg1=3!CMD_RSSI_POLL 3 0 "Sybercare18F" 24:10:00:01:0f:ff rssi=-60 f=2412 sc=60 link=108 tx=37.4, 0.0, 0.0  rx=31.2 bcn=0 [on:0 tx:0 rx:0 period:3001] from screen [on:0 period:-1185497798] gl hn u24 rssi=-55 ag=0 hr ticks 0,0,0 ls-=0 [56,56,60,60,65] brc=0 lrc=0
06-01 11:14:19.581 899-1204/? E/WifiStateMachine:  L2ConnectedState (when=-5ms what=131155 arg1=3!CMD_RSSI_POLL 3 0 "Sybercare18F" 24:10:00:01:0f:ff rssi=-60 f=2412 sc=60 link=108 tx=37.4, 0.0, 0.0  rx=31.2 bcn=0 [on:0 tx:0 rx:0 period:3] from screen [on:0 period:-1185497795] gl hn u24 rssi=-55 ag=0 hr ticks 0,0,0 ls-=0 [56,56,60,60,65] brc=0 lrc=0
     get link layer stats 0
06-01 11:14:19.601 899-1204/? E/WifiConfigStore: updateConfiguration freq=2412 BSSID=24:10:00:01:0f:ff RSSI=-59 "Sybercare18F"WPA_PSK
06-01 11:14:20.450 899-899/? E/WifiTrafficPoller: TRAFFIC_STATS_POLL true Token 26 num clients 7
     packet count Tx=627 Rx=559
    notifying of data activity 0
06-01 11:14:20.455 1498-1498/? E/NetworkController: No data sim selected
06-01 11:14:21.452 899-899/? E/WifiTrafficPoller: TRAFFIC_STATS_POLL true Token 26 num clients 7
06-01 11:14:21.453 899-899/? E/WifiTrafficPoller:  packet count Tx=627 Rx=559
06-01 11:14:22.456 899-899/? E/WifiTrafficPoller: TRAFFIC_STATS_POLL true Token 26 num clients 7
06-01 11:14:22.457 899-899/? E/WifiTrafficPoller:  packet count Tx=627 Rx=559
06-01 11:14:22.607 899-1204/? E/WifiStateMachine:  ConnectedState (when=-5ms what=131155 arg1=3!CMD_RSSI_POLL 3 0 "Sybercare18F" 24:10:00:01:0f:ff rssi=-60 f=2412 sc=60 link=108 tx=35.2, 0.0, 0.0  rx=32.1 bcn=0 [on:0 tx:0 rx:0 period:3003] from screen [on:0 period:-1185494769] gl hn u24 rssi=-55 ag=0 hr ticks 0,0,0 ls-=0 [56,56,60,60,65] brc=0 lrc=0
06-01 11:14:22.610 899-1204/? E/WifiStateMachine:  L2ConnectedState (when=-8ms what=131155 arg1=3!CMD_RSSI_POLL 3 0 "Sybercare18F" 24:10:00:01:0f:ff rssi=-60 f=2412 sc=60 link=108 tx=35.2, 0.0, 0.0  rx=32.1 bcn=0 [on:0 tx:0 rx:0 period:3] from screen [on:0 period:-1185494766] gl hn u24 rssi=-55 ag=0 hr ticks 0,0,0 ls-=0 [56,56,60,60,65] brc=0 lrc=0
     get link layer stats 0
06-01 11:14:22.632 899-1204/? E/WifiConfigStore: updateConfiguration freq=2412 BSSID=24:10:00:01:0f:ff RSSI=-59 "Sybercare18F"WPA_PSK
06-01 11:14:23.458 899-899/? E/WifiTrafficPoller: TRAFFIC_STATS_POLL true Token 26 num clients 7
     packet count Tx=627 Rx=559
06-01 11:14:24.460 899-899/? E/WifiTrafficPoller: TRAFFIC_STATS_POLL true Token 26 num clients 7
     packet count Tx=627 Rx=559
06-01 11:14:25.461 899-899/? E/WifiTrafficPoller: TRAFFIC_STATS_POLL true Token 26 num clients 7
06-01 11:14:25.462 899-899/? E/WifiTrafficPoller:  packet count Tx=627 Rx=559
06-01 11:14:25.638 899-1204/? E/WifiStateMachine:  ConnectedState (when=-4ms what=131155 arg1=3!CMD_RSSI_POLL 3 0 "Sybercare18F" 24:10:00:01:0f:ff rssi=-60 f=2412 sc=60 link=135 tx=17.6, 0.0, 0.0  rx=16.0 bcn=0 [on:0 tx:0 rx:0 period:3000] from screen [on:0 period:-1185491738] gl hn u24 rssi=-55 ag=0 hr ticks 0,0,0 ls-=0 [56,56,60,60,65] brc=0 lrc=0
06-01 11:14:25.642 899-1204/? E/WifiStateMachine:  L2ConnectedState (when=-7ms what=131155 arg1=3!CMD_RSSI_POLL 3 0 "Sybercare18F" 24:10:00:01:0f:ff rssi=-60 f=2412 sc=60 link=135 tx=17.6, 0.0, 0.0  rx=16.0 bcn=0 [on:0 tx:0 rx:0 period:4] from screen [on:0 period:-1185491734] gl hn u24 rssi=-55 ag=0 hr ticks 0,0,0 ls-=0 [56,56,60,60,65] brc=0 lrc=0
     get link layer stats 0
06-01 11:14:25.661 899-1204/? E/WifiConfigStore: updateConfiguration freq=2412 BSSID=24:10:00:01:0f:ff RSSI=-59 "Sybercare18F"WPA_PSK
06-01 11:14:26.463 899-899/? E/WifiTrafficPoller: TRAFFIC_STATS_POLL true Token 26 num clients 7
06-01 11:14:26.464 899-899/? E/WifiTrafficPoller:  packet count Tx=627 Rx=559
06-01 11:14:27.465 899-899/? E/WifiTrafficPoller: TRAFFIC_STATS_POLL true Token 26 num clients 7
     packet count Tx=627 Rx=559
06-01 11:14:28.466 899-899/? E/WifiTrafficPoller: TRAFFIC_STATS_POLL true Token 26 num clients 7
     packet count Tx=627 Rx=559
06-01 11:14:28.668 899-1204/? E/WifiStateMachine:  ConnectedState (when=-5ms what=131155 arg1=3!CMD_RSSI_POLL 3 0 "Sybercare18F" 24:10:00:01:0f:ff rssi=-60 f=2412 sc=60 link=135 tx=8.8, 0.0, 0.0  rx=8.0 bcn=0 [on:0 tx:0 rx:0 period:3000] from screen [on:0 period:-1185488708] gl hn u24 rssi=-55 ag=0 hr ticks 0,0,0 ls-=0 [56,56,60,60,65] brc=0 lrc=0
06-01 11:14:28.682 899-1204/? E/WifiStateMachine:  L2ConnectedState (when=-12ms what=131155 arg1=3!CMD_RSSI_POLL 3 0 "Sybercare18F" 24:10:00:01:0f:ff rssi=-60 f=2412 sc=60 link=135 tx=8.8, 0.0, 0.0  rx=8.0 bcn=0 [on:0 tx:0 rx:0 period:14] from screen [on:0 period:-1185488694] gl hn u24 rssi=-55 ag=0 hr ticks 0,0,0 ls-=0 [56,56,60,60,65] brc=0 lrc=0
06-01 11:14:28.683 899-1204/? E/WifiStateMachine:  get link layer stats 0
06-01 11:14:28.710 899-1204/? E/WifiConfigStore: updateConfiguration freq=2412 BSSID=24:10:00:01:0f:ff RSSI=-59 "Sybercare18F"WPA_PSK
06-01 11:14:28.722 1498-1498/? E/NetworkController: No data sim selected
06-01 11:14:29.468 899-899/? E/WifiTrafficPoller: TRAFFIC_STATS_POLL true Token 26 num clients 7
06-01 11:14:29.469 899-899/? E/WifiTrafficPoller:  packet count Tx=627 Rx=559
06-01 11:14:30.470 899-899/? E/WifiTrafficPoller: TRAFFIC_STATS_POLL true Token 26 num clients 7
     packet count Tx=627 Rx=559
06-01 11:14:31.471 899-899/? E/WifiTrafficPoller: TRAFFIC_STATS_POLL true Token 26 num clients 7
     packet count Tx=627 Rx=559
06-01 11:14:31.712 899-1204/? E/WifiStateMachine:  ConnectedState (when=-1ms what=131155 arg1=3!CMD_RSSI_POLL 3 0 "Sybercare18F" 24:10:00:01:0f:ff rssi=-59 f=2412 sc=60 link=135 tx=4.4, 0.0, 0.0  rx=4.0 bcn=0 [on:0 tx:0 rx:0 period:2994] from screen [on:0 period:-1185485664] gl hn u24 rssi=-54 ag=0 hr ticks 0,0,0 ls-=0 [56,56,56,56,61] brc=0 lrc=0
     L2ConnectedState (when=-2ms what=131155 arg1=3!CMD_RSSI_POLL 3 0 "Sybercare18F" 24:10:00:01:0f:ff rssi=-59 f=2412 sc=60 link=135 tx=4.4, 0.0, 0.0  rx=4.0 bcn=0 [on:0 tx:0 rx:0 period:0] from screen [on:0 period:-1185485664] gl hn u24 rssi=-54 ag=0 hr ticks 0,0,0 ls-=0 [56,56,56,56,61] brc=0 lrc=0
     get link layer stats 0
06-01 11:14:31.729 899-1204/? E/WifiConfigStore: updateConfiguration freq=2412 BSSID=24:10:00:01:0f:ff RSSI=-59 "Sybercare18F"WPA_PSK
06-01 11:14:32.472 899-899/? E/WifiTrafficPoller: TRAFFIC_STATS_POLL true Token 26 num clients 7
     packet count Tx=627 Rx=559
06-01 11:14:33.473 899-899/? E/WifiTrafficPoller: TRAFFIC_STATS_POLL true Token 26 num clients 7
     packet count Tx=627 Rx=559
06-01 11:14:34.474 899-899/? E/WifiTrafficPoller: TRAFFIC_STATS_POLL true Token 26 num clients 7
06-01 11:14:34.475 899-899/? E/WifiTrafficPoller:  packet count Tx=627 Rx=559
06-01 11:14:34.731 899-1204/? E/WifiStateMachine:  ConnectedState (when=-1ms what=131155 arg1=3!CMD_RSSI_POLL 3 0 "Sybercare18F" 24:10:00:01:0f:ff rssi=-59 f=2412 sc=60 link=135 tx=2.2, 0.0, 0.0  rx=2.0 bcn=0 [on:0 tx:0 rx:0 period:3000] from screen [on:0 period:-1185482645] gl hn u24 rssi=-54 ag=0 hr ticks 0,0,0 ls-=0 [56,56,56,56,61] brc=0 lrc=0
06-01 11:14:34.732 899-1204/? E/WifiStateMachine:  L2ConnectedState (when=-2ms what=131155 arg1=3!CMD_RSSI_POLL 3 0 "Sybercare18F" 24:10:00:01:0f:ff rssi=-59 f=2412 sc=60 link=135 tx=2.2, 0.0, 0.0  rx=2.0 bcn=0 [on:0 tx:0 rx:0 period:1] from screen [on:0 period:-1185482644] gl hn u24 rssi=-54 ag=0 hr ticks 0,0,0 ls-=0 [56,56,56,56,61] brc=0 lrc=0
     get link layer stats 0
06-01 11:14:34.748 899-1204/? E/WifiConfigStore: updateConfiguration freq=2412 BSSID=24:10:00:01:0f:ff RSSI=-58 "Sybercare18F"WPA_PSK
06-01 11:14:34.754 1498-1498/? E/NetworkController: No data sim selected
06-01 11:14:35.475 899-899/? E/WifiTrafficPoller: TRAFFIC_STATS_POLL true Token 26 num clients 7
06-01 11:14:35.476 899-899/? E/WifiTrafficPoller:  packet count Tx=627 Rx=559
06-01 11:14:35.931 899-1204/? E/WifiStateMachine:  ConnectedState (when=-3ms what=131143 arg1=-2 arg2=25) !CMD_START_SCAN -2 25 ic=0 proc(ms):20003 dur:2492 cnt=25 rssi=-58 f=2412 sc=60 link=135 tx=1.1, 0.0, 0.0  rx=1.0 list=2412 [on:0 tx:0 rx:0 period:1180] from screen [on:0 period:-1185481445]
06-01 11:14:35.934 899-1204/? E/WifiStateMachine:  L2ConnectedState (when=-5ms what=131143 arg1=-2 arg2=25) !CMD_START_SCAN -2 25 ic=0 proc(ms):20005 dur:2492 cnt=25 rssi=-58 f=2412 sc=60 link=135 tx=1.1, 0.0, 0.0  rx=1.0 list=2412 [on:0 tx:0 rx:0 period:3] from screen [on:0 period:-1185481442]
06-01 11:14:35.935 899-1204/? E/WifiStateMachine: WifiStateMachine CMD_START_SCAN source -2 txSuccessRate=1.10 rxSuccessRate=1.00 targetRoamBSSID=any RSSI=-58
06-01 11:14:35.936 899-1204/? E/WifiStateMachine: startDelayedScan send -> 26 milli 20000
06-01 11:14:35.937 899-1204/? E/WifiStateMachine: WifiStateMachine CMD_START_SCAN with age=40011 interval=30000 maxinterval=300000
    WifiStateMachine CMD_START_SCAN try full band scan age=40011 interval=30000 maxinterval=300000
06-01 11:14:35.938 899-1204/? E/WifiStateMachine: WifiStateMachine CMD_START_SCAN full=true
    WifiStateMachine CMD_START_SCAN bump interval =45000
06-01 11:14:35.944 899-1204/? E/WifiStateMachine: stopReconnectWifi Wfd=false StopScan=false mDontReconnectAndScan=false
06-01 11:14:35.948 899-3810/? E/WifiMonitor: handleEvent unknown: 15  CTRL-EVENT-SCAN-STARTED 
06-01 11:14:35.950 899-1204/? E/WifiStateMachine: [1,527,822,875,950 ms] noteScanstart no scan source uid -2
06-01 11:14:36.477 899-899/? E/WifiTrafficPoller: TRAFFIC_STATS_POLL true Token 26 num clients 7
     packet count Tx=627 Rx=559
06-01 11:14:37.478 899-899/? E/WifiTrafficPoller: TRAFFIC_STATS_POLL true Token 26 num clients 7
06-01 11:14:37.479 899-899/? E/WifiTrafficPoller:  packet count Tx=627 Rx=559
06-01 11:14:37.751 899-1204/? E/WifiStateMachine:  ConnectedState (when=-2ms what=131155 arg1=3!CMD_RSSI_POLL 3 0 "Sybercare18F" 24:10:00:01:0f:ff rssi=-58 f=2412 sc=60 link=135 tx=0.6, 0.0, 0.0  rx=0.5 bcn=0 [on:0 tx:0 rx:0 period:1800] from screen [on:0 period:-1185479625] gl hn u24 rssi=-53 ag=0 hr ticks 0,0,0 ls-=0 [56,56,56,56,61] brc=0 lrc=0
06-01 11:14:37.752 899-1204/? E/WifiStateMachine:  L2ConnectedState (when=-3ms what=131155 arg1=3!CMD_RSSI_POLL 3 0 "Sybercare18F" 24:10:00:01:0f:ff rssi=-58 f=2412 sc=60 link=135 tx=0.6, 0.0, 0.0  rx=0.5 bcn=0 [on:0 tx:0 rx:0 period:0] from screen [on:0 period:-1185479625] gl hn u24 rssi=-53 ag=0 hr ticks 0,0,0 ls-=0 [56,56,56,56,61] brc=0 lrc=0
     get link layer stats 0
06-01 11:14:37.761 899-1204/? E/WifiConfigStore: updateConfiguration freq=2412 BSSID=24:10:00:01:0f:ff RSSI=-58 "Sybercare18F"WPA_PSK
06-01 11:14:38.480 899-899/? E/WifiTrafficPoller: TRAFFIC_STATS_POLL true Token 26 num clients 7
06-01 11:14:38.481 899-899/? E/WifiTrafficPoller:  packet count Tx=632 Rx=564
    notifying of data activity 3
06-01 11:14:38.488 1498-1498/? E/NetworkController: No data sim selected
06-01 11:14:38.489 899-1204/? E/WifiStateMachine:  ConnectedState (when=-1ms what=147461!SCAN_RESULTS_EVENT 0 0 found=26 known=1 got=26 bcn=0 con=0 last="Sybercare18F"WPA_PSK
     L2ConnectedState (when=-1ms what=147461!SCAN_RESULTS_EVENT 0 0 found=26 known=1 got=26 bcn=0 con=0 last="Sybercare18F"WPA_PSK
06-01 11:14:38.490 899-1204/? E/WifiStateMachine:  ConnectModeState (when=-1ms what=147461!SCAN_RESULTS_EVENT 0 0 found=26 known=1 got=26 bcn=0 con=0 last="Sybercare18F"WPA_PSK
     DriverStartedState (when=-2ms what=147461!SCAN_RESULTS_EVENT 0 0 found=26 known=1 got=26 bcn=0 con=0 last="Sybercare18F"WPA_PSK
     SupplicantStartedState (when=-2ms what=147461!SCAN_RESULTS_EVENT 0 0 found=26 known=1 got=26 bcn=0 con=0 last="Sybercare18F"WPA_PSK
06-01 11:14:38.491 899-1204/? E/WifiStateMachine: [1,527,822,878,491 ms] noteScanEnd no scan source onTime=0
06-01 11:14:38.503 899-1204/? E/WifiStateMachine: wifi setScanResults statecom.android.server.wifi.WifiStateMachine$ConnectedState@18eb3ffe sup_state=COMPLETED debouncing=false mConnectionRequests=0 selection="Sybercare18F"WPA_PSK
06-01 11:14:38.504 899-1204/? E/WifiConfigStore: updateSavedNetworkHistory(): try "Sybercare18F"WPA_PSK SSID="Sybercare18F" Sybercare18F [WPA2-PSK-CCMP][ESS] ajst=0
            got known scan result 24:10:00:01:0f:ff key : "Sybercare18F"WPA_PSK num: 1 rssi=-54 freq=2412
06-01 11:14:38.508 899-1204/? E/WifiAutoJoinController: status: bssid=24:10:00:01:0f:ff
    freq=2412
    ssid=Sybercare18F
    id=0
    mode=station
    pairwise_cipher=CCMP
    group_cipher=CCMP
    key_mgmt=WPA2-PSK
    wpa_state=COMPLETED
    ip_address=192.168.100.170
    p2p_device_address=02:08:22:6d:70:49
    address=00:08:22:6d:70:49
    uuid=8dc04993-5424-52c9-9c91-c99fbbe42c87
    attemptAutoJoin() num recent config 1 current="Sybercare18F"WPA_PSK last="Sybercare18F"WPA_PSK ---> suppNetId=0
06-01 11:14:38.508 899-1204/? E/WifiAutoJoinController: Done attemptAutoJoin status=0
06-01 11:14:38.509 899-1204/? E/WifiConfigStore:  writeKnownNetworkHistory() num networks:1 needWrite=false
06-01 11:14:39.483 899-899/? E/WifiTrafficPoller: TRAFFIC_STATS_POLL true Token 26 num clients 7
06-01 11:14:39.484 899-899/? E/WifiTrafficPoller:  packet count Tx=632 Rx=564
    notifying of data activity 0
06-01 11:14:39.494 1498-1498/? E/NetworkController: No data sim selected
06-01 11:14:40.491 899-899/? E/WifiTrafficPoller: TRAFFIC_STATS_POLL true Token 26 num clients 7
     packet count Tx=632 Rx=564
06-01 11:14:40.765 899-1204/? E/WifiStateMachine:  ConnectedState (when=-3ms what=131155 arg1=3!CMD_RSSI_POLL 3 0 "Sybercare18F" 24:10:00:01:0f:ff rssi=-58 f=2412 sc=60 link=135 tx=2.6, 0.0, 0.0  rx=2.6 bcn=0 [on:0 tx:0 rx:0 period:2994] from screen [on:0 period:-1185476612] gl hn u24 rssi=-53 ag=0 hr ticks 0,0,0 ls-=0 [56,56,56,56,61] brc=0 lrc=0
     L2ConnectedState (when=-4ms what=131155 arg1=3!CMD_RSSI_POLL 3 0 "Sybercare18F" 24:10:00:01:0f:ff rssi=-58 f=2412 sc=60 link=135 tx=2.6, 0.0, 0.0  rx=2.6 bcn=0 [on:0 tx:0 rx:0 period:1] from screen [on:0 period:-1185476611] gl hn u24 rssi=-53 ag=0 hr ticks 0,0,0 ls-=0 [56,56,56,56,61] brc=0 lrc=0
     get link layer stats 0
06-01 11:14:40.788 899-1204/? E/WifiConfigStore: updateConfiguration freq=2412 BSSID=24:10:00:01:0f:ff RSSI=-56 "Sybercare18F"WPA_PSK
06-01 11:14:41.492 899-899/? E/WifiTrafficPoller: TRAFFIC_STATS_POLL true Token 26 num clients 7
06-01 11:14:41.493 899-899/? E/WifiTrafficPoller:  packet count Tx=632 Rx=564
06-01 11:14:42.494 899-899/? E/WifiTrafficPoller: TRAFFIC_STATS_POLL true Token 26 num clients 7
06-01 11:14:42.495 899-899/? E/WifiTrafficPoller:  packet count Tx=632 Rx=564
06-01 11:14:43.496 899-899/? E/WifiTrafficPoller: TRAFFIC_STATS_POLL true Token 26 num clients 7
     packet count Tx=632 Rx=564
06-01 11:14:43.792 899-1204/? E/WifiStateMachine:  ConnectedState (when=-3ms what=131155 arg1=3!CMD_RSSI_POLL 3 0 "Sybercare18F" 24:10:00:01:0f:ff rssi=-58 f=2412 sc=60 link=135 tx=1.3, 0.0, 0.0  rx=1.3 bcn=0 [on:0 tx:0 rx:0 period:3002] from screen [on:0 period:-1185473584] gl hn u24 rssi=-53 ag=0 hr ticks 0,0,0 ls-=0 [56,56,56,56,61] brc=0 lrc=0
     L2ConnectedState (when=-4ms what=131155 arg1=3!CMD_RSSI_POLL 3 0 "Sybercare18F" 24:10:00:01:0f:ff rssi=-58 f=2412 sc=60 link=135 tx=1.3, 0.0, 0.0  rx=1.3 bcn=0 [on:0 tx:0 rx:0 period:0] from screen [on:0 period:-1185473584] gl hn u24 rssi=-53 ag=0 hr ticks 0,0,0 ls-=0 [56,56,56,56,61] brc=0 lrc=0
     get link layer stats 0
06-01 11:14:43.808 899-1204/? E/WifiConfigStore: updateConfiguration freq=2412 BSSID=24:10:00:01:0f:ff RSSI=-57 "Sybercare18F"WPA_PSK
06-01 11:14:44.497 899-899/? E/WifiTrafficPoller: TRAFFIC_STATS_POLL true Token 26 num clients 7
     packet count Tx=632 Rx=564
06-01 11:14:45.499 899-899/? E/WifiTrafficPoller: TRAFFIC_STATS_POLL true Token 26 num clients 7
     packet count Tx=632 Rx=564
06-01 11:14:46.500 899-899/? E/WifiTrafficPoller: TRAFFIC_STATS_POLL true Token 26 num clients 7
     packet count Tx=632 Rx=564
06-01 11:14:46.811 899-1204/? E/WifiStateMachine:  ConnectedState (when=-2ms what=131155 arg1=3!CMD_RSSI_POLL 3 0 "Sybercare18F" 24:10:00:01:0f:ff rssi=-58 f=2412 sc=60 link=135 tx=0.7, 0.0, 0.0  rx=0.7 bcn=0 [on:0 tx:0 rx:0 period:2999] from screen [on:0 period:-1185470565] gl hn u24 rssi=-53 ag=0 hr ticks 0,0,0 ls-=0 [56,56,56,56,61] brc=0 lrc=0
06-01 11:14:46.812 899-1204/? E/WifiStateMachine:  L2ConnectedState (when=-3ms what=131155 arg1=3!CMD_RSSI_POLL 3 0 "Sybercare18F" 24:10:00:01:0f:ff rssi=-58 f=2412 sc=60 link=135 tx=0.7, 0.0, 0.0  rx=0.7 bcn=0 [on:0 tx:0 rx:0 period:1] from screen [on:0 period:-1185470564] gl hn u24 rssi=-53 ag=0 hr ticks 0,0,0 ls-=0 [56,56,56,56,61] brc=0 lrc=0
     get link layer stats 0
06-01 11:14:46.829 899-1204/? E/WifiConfigStore: updateConfiguration freq=2412 BSSID=24:10:00:01:0f:ff RSSI=-57 "Sybercare18F"WPA_PSK
06-01 11:14:47.501 899-899/? E/WifiTrafficPoller: TRAFFIC_STATS_POLL true Token 26 num clients 7
     packet count Tx=632 Rx=564
06-01 11:14:48.502 899-899/? E/WifiTrafficPoller: TRAFFIC_STATS_POLL true Token 26 num clients 7
06-01 11:14:48.503 899-899/? E/WifiTrafficPoller:  packet count Tx=632 Rx=564
06-01 11:14:49.504 899-899/? E/WifiTrafficPoller: TRAFFIC_STATS_POLL true Token 26 num clients 7
     packet count Tx=632 Rx=564
06-01 11:14:49.833 899-1204/? E/WifiStateMachine:  ConnectedState (when=-3ms what=131155 arg1=3!CMD_RSSI_POLL 3 0 "Sybercare18F" 24:10:00:01:0f:ff rssi=-58 f=2412 sc=60 link=135 tx=0.3, 0.0, 0.0  rx=0.3 bcn=0 [on:0 tx:0 rx:0 period:3002] from screen [on:0 period:-1185467543] gl hn u24 rssi=-53 ag=0 hr ticks 0,0,0 ls-=0 [56,56,56,56,61] brc=0 lrc=0
     L2ConnectedState (when=-4ms what=131155 arg1=3!CMD_RSSI_POLL 3 0 "Sybercare18F" 24:10:00:01:0f:ff rssi=-58 f=2412 sc=60 link=135 tx=0.3, 0.0, 0.0  rx=0.3 bcn=0 [on:0 tx:0 rx:0 period:0] from screen [on:0 period:-1185467543] gl hn u24 rssi=-53 ag=0 hr ticks 0,0,0 ls-=0 [56,56,56,56,61] brc=0 lrc=0
     get link layer stats 0
06-01 11:14:49.848 899-1204/? E/WifiConfigStore: updateConfiguration freq=2412 BSSID=24:10:00:01:0f:ff RSSI=-57 "Sybercare18F"WPA_PSK
06-01 11:14:50.505 899-899/? E/WifiTrafficPoller: TRAFFIC_STATS_POLL true Token 26 num clients 7
     packet count Tx=632 Rx=564
06-01 11:14:51.506 899-899/? E/WifiTrafficPoller: TRAFFIC_STATS_POLL true Token 26 num clients 7
     packet count Tx=632 Rx=564
